<node-09>
NVIDIA GeForce RTX 5090, 32607 MiB
cpus: 8
====================================================================================================
P5 大网 · 显存全表（R5 统一口径，MiB，每配置全新进程） | node: <node-09>
md5 dgga/solver.py 45b0b0eeb66ed4e15ef81c53809d229a
md5 dgga/autodiff.py e4b8cfe49536f85b435e04e5ed5621d2
B 列: [1, 8, 64, 256, 512, 1024]

RESULT NW_Model.inp 1 dense ok K=5 ctx=588.19 torch_peak=8450.12 torch_resv=8488.00 nontorch=360.00 total=8848.00 gnorm=8.85392617e+03
RESULT NW_Model.inp 1 cudss ok K=5 ctx=588.19 torch_peak=20.38 torch_resv=22.00 nontorch=68.00 total=90.00 gnorm=2.97638082e+04
RESULT NW_Model.inp 8 dense ERR K=5 Compile with `TORCH_USE_CUDA_DSA` to enable device-side assertions.
RESULT NW_Model.inp 8 cudss ok K=5 ctx=588.19 torch_peak=121.24 torch_resv=138.00 nontorch=100.00 total=238.00 gnorm=1.48711518e+07
RESULT NW_Model.inp 64 dense OOM K=5 ctx=588.19
RESULT NW_Model.inp 64 cudss ok K=5 ctx=588.19 torch_peak=945.31 torch_resv=1002.00 nontorch=452.00 total=1454.00 gnorm=3.29885365e+11
RESULT NW_Model.inp 256 dense OOM K=5 ctx=588.19
RESULT NW_Model.inp 256 cudss ok K=5 ctx=588.19 torch_peak=3752.70 torch_resv=3972.00 nontorch=1604.00 total=5576.00 gnorm=6.27786936e+10
RESULT NW_Model.inp 512 dense OOM K=5 ctx=588.19
RESULT NW_Model.inp 512 cudss ok K=5 ctx=588.19 torch_peak=7377.01 torch_resv=7968.00 nontorch=3172.00 total=11140.00 gnorm=8.31783969e+11
RESULT NW_Model.inp 1024 dense OOM K=5 ctx=588.19
RESULT NW_Model.inp 1024 cudss ok K=5 ctx=588.19 torch_peak=14728.59 torch_resv=15788.00 nontorch=6308.00 total=22096.00 gnorm=2.34670300e+13
RESULT ky8.inp 1 dense ok K=8 ctx=588.19 torch_peak=330.63 torch_resv=332.00 nontorch=360.00 total=692.00 gnorm=2.96912884e+03
RESULT ky8.inp 1 cudss ok K=8 ctx=588.19 torch_peak=4.95 torch_resv=6.00 nontorch=68.00 total=74.00 gnorm=2.96912881e+03
RESULT ky8.inp 8 dense ok K=8 ctx=588.19 torch_peak=2359.63 torch_resv=2364.00 nontorch=230.00 total=2594.00 gnorm=7.01363606e+03
RESULT ky8.inp 8 cudss ok K=8 ctx=588.19 torch_peak=29.63 torch_resv=32.00 nontorch=68.00 total=100.00 gnorm=7.01363595e+03
RESULT ky8.inp 64 dense ok K=8 ctx=588.19 torch_peak=18293.47 torch_resv=18372.00 nontorch=230.00 total=18602.00 gnorm=2.33364525e+04
RESULT ky8.inp 64 cudss ok K=8 ctx=588.19 torch_peak=230.71 torch_resv=282.00 nontorch=100.00 total=382.00 gnorm=2.33364757e+04
RESULT ky8.inp 256 dense OOM K=8 ctx=588.19
RESULT ky8.inp 256 cudss ok K=8 ctx=588.19 torch_peak=917.33 torch_resv=1000.00 nontorch=292.00 total=1292.00 gnorm=4.85709102e+04
RESULT ky8.inp 512 dense OOM K=8 ctx=588.19
RESULT ky8.inp 512 cudss ok K=8 ctx=588.19 torch_peak=1812.40 torch_resv=1966.00 nontorch=548.00 total=2514.00 gnorm=6.69991436e+04
RESULT ky8.inp 1024 dense OOM K=8 ctx=588.19
RESULT ky8.inp 1024 cudss ok K=8 ctx=588.19 torch_peak=3633.30 torch_resv=4064.00 nontorch=1028.00 total=5092.00 gnorm=9.32189347e+04
RESULT ky4.inp 1 dense ok K=9 ctx=588.19 torch_peak=197.18 torch_resv=278.00 nontorch=360.00 total=638.00 gnorm=1.77605549e+03
RESULT ky4.inp 1 cudss ok K=9 ctx=588.19 torch_peak=4.01 torch_resv=6.00 nontorch=68.00 total=74.00 gnorm=1.77605436e+03
RESULT ky4.inp 8 dense ok K=9 ctx=588.19 torch_peak=1377.55 torch_resv=1424.00 nontorch=230.00 total=1654.00 gnorm=5.19363823e+03
RESULT ky4.inp 8 cudss ok K=9 ctx=588.19 torch_peak=23.80 torch_resv=26.00 nontorch=68.00 total=94.00 gnorm=5.19362438e+03
RESULT ky4.inp 64 dense ok K=9 ctx=588.19 torch_peak=10586.44 torch_resv=10642.00 nontorch=230.00 total=10872.00 gnorm=1.47023107e+04
RESULT ky4.inp 64 cudss ok K=9 ctx=588.19 torch_peak=182.80 torch_resv=224.00 nontorch=100.00 total=324.00 gnorm=1.47023528e+04
RESULT ky4.inp 256 dense OOM K=9 ctx=588.19
RESULT ky4.inp 256 cudss ok K=9 ctx=588.19 torch_peak=753.41 torch_resv=782.00 nontorch=228.00 total=1010.00 gnorm=3.05857141e+04
RESULT ky4.inp 512 dense OOM K=9 ctx=588.19
RESULT ky4.inp 512 cudss ok K=9 ctx=588.19 torch_peak=1471.48 torch_resv=1640.00 nontorch=388.00 total=2028.00 gnorm=4.26951668e+04
RESULT ky4.inp 1024 dense OOM K=9 ctx=588.19
RESULT ky4.inp 1024 cudss ok K=9 ctx=588.19 torch_peak=2961.93 torch_resv=3226.00 nontorch=740.00 total=3966.00 gnorm=5.97387993e+04
RESULT KL.inp 1 dense ok K=6 ctx=588.19 torch_peak=147.20 torch_resv=216.00 nontorch=360.00 total=576.00 gnorm=2.07964091e+04
RESULT KL.inp 1 cudss ok K=6 ctx=588.19 torch_peak=1.96 torch_resv=4.00 nontorch=68.00 total=72.00 gnorm=2.07964098e+04
RESULT KL.inp 8 dense ok K=6 ctx=588.19 torch_peak=992.91 torch_resv=996.00 nontorch=230.00 total=1226.00 gnorm=3.09592273e+04
RESULT KL.inp 8 cudss ok K=6 ctx=588.19 torch_peak=12.10 torch_resv=14.00 nontorch=68.00 total=82.00 gnorm=3.09592284e+04
RESULT KL.inp 64 dense ok K=6 ctx=588.19 torch_peak=7404.35 torch_resv=7460.00 nontorch=230.00 total=7690.00 gnorm=7.05164724e+04
RESULT KL.inp 64 cudss ok K=6 ctx=588.19 torch_peak=93.73 torch_resv=106.00 nontorch=100.00 total=206.00 gnorm=2.06881208e+06
RESULT KL.inp 256 dense ok K=6 ctx=588.19 torch_peak=29448.20 torch_resv=30862.00 nontorch=230.00 total=31092.00 gnorm=4.13386616e+09
RESULT KL.inp 256 cudss ok K=6 ctx=588.19 torch_peak=388.47 torch_resv=428.00 nontorch=228.00 total=656.00 gnorm=2.14728072e+06
RESULT KL.inp 512 dense OOM K=6 ctx=588.19
RESULT KL.inp 512 cudss ok K=6 ctx=588.19 torch_peak=748.45 torch_resv=832.00 nontorch=388.00 total=1220.00 gnorm=4.40646680e+06
RESULT KL.inp 1024 dense OOM K=6 ctx=588.19
RESULT KL.inp 1024 cudss ok K=6 ctx=588.19 torch_peak=1499.23 torch_resv=1662.00 nontorch=740.00 total=2402.00 gnorm=2.44793118e+06
RESULT ky1.inp 1 dense ok K=11 ctx=588.19 torch_peak=186.89 torch_resv=218.00 nontorch=360.00 total=578.00 gnorm=2.56361140e+04
RESULT ky1.inp 1 cudss ok K=11 ctx=588.19 torch_peak=4.11 torch_resv=6.00 nontorch=68.00 total=74.00 gnorm=2.56356424e+04
RESULT ky1.inp 8 dense ok K=11 ctx=588.19 torch_peak=1295.55 torch_resv=1334.00 nontorch=230.00 total=1564.00 gnorm=4.70167164e+04
RESULT ky1.inp 8 cudss ok K=11 ctx=588.19 torch_peak=24.95 torch_resv=26.00 nontorch=68.00 total=94.00 gnorm=4.70106104e+04
RESULT ky1.inp 64 dense ok K=11 ctx=588.19 torch_peak=9914.58 torch_resv=9958.00 nontorch=230.00 total=10188.00 gnorm=1.76695459e+05
RESULT ky1.inp 64 cudss ok K=11 ctx=588.19 torch_peak=191.65 torch_resv=220.00 nontorch=100.00 total=320.00 gnorm=1.55246654e+05
RESULT ky1.inp 256 dense OOM K=11 ctx=588.19
RESULT ky1.inp 256 cudss ok K=11 ctx=588.19 torch_peak=791.03 torch_resv=832.00 nontorch=196.00 total=1028.00 gnorm=2.98371453e+05
RESULT ky1.inp 512 dense OOM K=11 ctx=588.19
RESULT ky1.inp 512 cudss ok K=11 ctx=588.19 torch_peak=1580.09 torch_resv=1648.00 nontorch=356.00 total=2004.00 gnorm=4.25632363e+05
RESULT ky1.inp 1024 dense OOM K=11 ctx=588.19
RESULT ky1.inp 1024 cudss ok K=11 ctx=588.19 torch_peak=3067.91 torch_resv=3822.00 nontorch=676.00 total=4498.00 gnorm=6.02353282e+05
RESULT ky2.inp 1 dense ok K=9 ctx=588.19 torch_peak=150.93 torch_resv=196.00 nontorch=360.00 total=556.00 gnorm=3.47855842e+03
RESULT ky2.inp 1 cudss ok K=9 ctx=588.19 torch_peak=3.74 torch_resv=4.00 nontorch=68.00 total=72.00 gnorm=3.47855899e+03
RESULT ky2.inp 8 dense ok K=9 ctx=588.19 torch_peak=1008.23 torch_resv=1054.00 nontorch=230.00 total=1284.00 gnorm=4.99396611e+03
RESULT ky2.inp 8 cudss ok K=9 ctx=588.19 torch_peak=22.36 torch_resv=24.00 nontorch=68.00 total=92.00 gnorm=4.99396636e+03
RESULT ky2.inp 64 dense ok K=9 ctx=588.19 torch_peak=7629.95 torch_resv=7684.00 nontorch=230.00 total=7914.00 gnorm=1.29772500e+04
RESULT ky2.inp 64 cudss ok K=9 ctx=588.19 torch_peak=172.61 torch_resv=216.00 nontorch=100.00 total=316.00 gnorm=1.29772346e+04
RESULT ky2.inp 256 dense ok K=9 ctx=588.19 torch_peak=30270.68 torch_resv=31016.00 nontorch=230.00 total=31246.00 gnorm=2.71154288e+04
RESULT ky2.inp 256 cudss ok K=9 ctx=588.19 torch_peak=713.03 torch_resv=740.00 nontorch=196.00 total=936.00 gnorm=2.71154328e+04
RESULT ky2.inp 512 dense OOM K=9 ctx=588.19
RESULT ky2.inp 512 cudss ok K=9 ctx=588.19 torch_peak=1372.92 torch_resv=1544.00 nontorch=356.00 total=1900.00 gnorm=3.82669009e+04
RESULT ky2.inp 1024 dense OOM K=9 ctx=588.19
RESULT ky2.inp 1024 cudss ok K=9 ctx=588.19 torch_peak=2757.10 torch_resv=3064.00 nontorch=676.00 total=3740.00 gnorm=5.33459708e+04
RESULT ky13.inp 1 dense ok K=11 ctx=588.19 torch_peak=160.40 torch_resv=176.00 nontorch=360.00 total=536.00 gnorm=4.48760801e+07
RESULT ky13.inp 1 cudss ok K=11 ctx=588.19 torch_peak=3.85 torch_resv=4.00 nontorch=68.00 total=72.00 gnorm=4.53256366e+07
RESULT ky13.inp 8 dense ok K=11 ctx=588.19 torch_peak=1084.06 torch_resv=1116.00 nontorch=230.00 total=1346.00 gnorm=3.23353976e+09
RESULT ky13.inp 8 cudss ok K=11 ctx=588.19 torch_peak=23.48 torch_resv=24.00 nontorch=68.00 total=92.00 gnorm=3.22273738e+09
RESULT ky13.inp 64 dense ok K=11 ctx=588.19 torch_peak=8229.67 torch_resv=8270.00 nontorch=230.00 total=8500.00 gnorm=8.04546551e+09
RESULT ky13.inp 64 cudss ok K=11 ctx=588.19 torch_peak=181.90 torch_resv=212.00 nontorch=100.00 total=312.00 gnorm=8.04547274e+09
RESULT ky13.inp 256 dense OOM K=11 ctx=588.19
RESULT ky13.inp 256 cudss ok K=11 ctx=588.19 torch_peak=747.93 torch_resv=772.00 nontorch=196.00 total=968.00 gnorm=1.76521834e+10
RESULT ky13.inp 512 dense OOM K=11 ctx=588.19
RESULT ky13.inp 512 cudss ok K=11 ctx=588.19 torch_peak=1470.03 torch_resv=1594.00 nontorch=324.00 total=1918.00 gnorm=2.31820551e+10
RESULT ky13.inp 1024 dense OOM K=11 ctx=588.19
RESULT ky13.inp 1024 cudss ok K=11 ctx=588.19 torch_peak=2892.32 torch_resv=3456.00 nontorch=612.00 total=4068.00 gnorm=3.13741116e+10

====================================================================================================
§M1 显存全表（R5 口径；dense/cudss 各四列；total = torch_resv + nontorch）  node=<node-09>
net      B     | dense peak     resv     非torch   total    | cudss peak    resv     非torch   total    | total 倍数
NW_Model 1     |    8450.1    8488.0    360.0    8848.0 |      20.4      22.0     68.0      90.0 |  98.31x
NW_Model 8     |    CRASH                                  |     121.2     138.0    100.0     238.0 |    -   
NW_Model 64    |    OOM                                    |     945.3    1002.0    452.0    1454.0 | OOM/ok 
NW_Model 256   |    OOM                                    |    3752.7    3972.0   1604.0    5576.0 | OOM/ok 
NW_Model 512   |    OOM                                    |    7377.0    7968.0   3172.0   11140.0 | OOM/ok 
NW_Model 1024  |    OOM                                    |   14728.6   15788.0   6308.0   22096.0 | OOM/ok 
ky8      1     |     330.6     332.0    360.0     692.0 |       5.0       6.0     68.0      74.0 |   9.35x
ky8      8     |    2359.6    2364.0    230.0    2594.0 |      29.6      32.0     68.0     100.0 |  25.94x
ky8      64    |   18293.5   18372.0    230.0   18602.0 |     230.7     282.0    100.0     382.0 |  48.70x
ky8      256   |    OOM                                    |     917.3    1000.0    292.0    1292.0 | OOM/ok 
ky8      512   |    OOM                                    |    1812.4    1966.0    548.0    2514.0 | OOM/ok 
ky8      1024  |    OOM                                    |    3633.3    4064.0   1028.0    5092.0 | OOM/ok 
ky4      1     |     197.2     278.0    360.0     638.0 |       4.0       6.0     68.0      74.0 |   8.62x
ky4      8     |    1377.5    1424.0    230.0    1654.0 |      23.8      26.0     68.0      94.0 |  17.60x
ky4      64    |   10586.4   10642.0    230.0   10872.0 |     182.8     224.0    100.0     324.0 |  33.56x
ky4      256   |    OOM                                    |     753.4     782.0    228.0    1010.0 | OOM/ok 
ky4      512   |    OOM                                    |    1471.5    1640.0    388.0    2028.0 | OOM/ok 
ky4      1024  |    OOM                                    |    2961.9    3226.0    740.0    3966.0 | OOM/ok 
KL       1     |     147.2     216.0    360.0     576.0 |       2.0       4.0     68.0      72.0 |   8.00x
KL       8     |     992.9     996.0    230.0    1226.0 |      12.1      14.0     68.0      82.0 |  14.95x
KL       64    |    7404.4    7460.0    230.0    7690.0 |      93.7     106.0    100.0     206.0 |  37.33x
KL       256   |   29448.2   30862.0    230.0   31092.0 |     388.5     428.0    228.0     656.0 |  47.40x
KL       512   |    OOM                                    |     748.5     832.0    388.0    1220.0 | OOM/ok 
KL       1024  |    OOM                                    |    1499.2    1662.0    740.0    2402.0 | OOM/ok 
ky1      1     |     186.9     218.0    360.0     578.0 |       4.1       6.0     68.0      74.0 |   7.81x
ky1      8     |    1295.5    1334.0    230.0    1564.0 |      24.9      26.0     68.0      94.0 |  16.64x
ky1      64    |    9914.6    9958.0    230.0   10188.0 |     191.7     220.0    100.0     320.0 |  31.84x
ky1      256   |    OOM                                    |     791.0     832.0    196.0    1028.0 | OOM/ok 
ky1      512   |    OOM                                    |    1580.1    1648.0    356.0    2004.0 | OOM/ok 
ky1      1024  |    OOM                                    |    3067.9    3822.0    676.0    4498.0 | OOM/ok 
ky2      1     |     150.9     196.0    360.0     556.0 |       3.7       4.0     68.0      72.0 |   7.72x
ky2      8     |    1008.2    1054.0    230.0    1284.0 |      22.4      24.0     68.0      92.0 |  13.96x
ky2      64    |    7629.9    7684.0    230.0    7914.0 |     172.6     216.0    100.0     316.0 |  25.04x
ky2      256   |   30270.7   31016.0    230.0   31246.0 |     713.0     740.0    196.0     936.0 |  33.38x
ky2      512   |    OOM                                    |    1372.9    1544.0    356.0    1900.0 | OOM/ok 
ky2      1024  |    OOM                                    |    2757.1    3064.0    676.0    3740.0 | OOM/ok 
ky13     1     |     160.4     176.0    360.0     536.0 |       3.9       4.0     68.0      72.0 |   7.44x
ky13     8     |    1084.1    1116.0    230.0    1346.0 |      23.5      24.0     68.0      92.0 |  14.63x
ky13     64    |    8229.7    8270.0    230.0    8500.0 |     181.9     212.0    100.0     312.0 |  27.24x
ky13     256   |    OOM                                    |     747.9     772.0    196.0     968.0 | OOM/ok 
ky13     512   |    OOM                                    |    1470.0    1594.0    324.0    1918.0 | OOM/ok 
ky13     1024  |    OOM                                    |    2892.3    3456.0    612.0    4068.0 | OOM/ok 

§M2 OOM 边界（fwd+bwd，R5 口径）  node=<node-09>
net      | dense: 最大跑通 B / 最小 OOM B | cudss: 最大跑通 B / 最小 OOM B
NW_Model | 1      / 64                    | 1024   / -     
ky8      | 64     / 256                   | 1024   / -     
ky4      | 64     / 256                   | 1024   / -     
KL       | 256    / 512                   | 1024   / -     
ky1      | 64     / 256                   | 1024   / -     
ky2      | 256    / 512                   | 1024   / -     
ky13     | 64     / 256                   | 1024   / -     
P4R MEM DONE
P5 MEM JOB DONE rc=0
