NVIDIA GeForce RTX 5090, 32607 MiB
node: <node-13> | cpus: 8
/data/run01/<user>/wdsgpu/hydrograd/dgga/solver.py:2016: UserWarning: Sparse invariant checks are implicitly disabled. Memory errors (e.g. SEGFAULT) will occur when operating on a sparse tensor which violates the invariants, but checks incur performance overhead. To silence this warning, explicitly opt in or out. See `torch.sparse.check_sparse_tensor_invariants.__doc__` for guidance.  (Triggered internally at /pytorch/aten/src/ATen/Context.cpp:760.)
  a_list = [torch.sparse_csr_tensor(ip, ii, vals[i], size=(Nj, Nj))
/data/run01/<user>/wdsgpu/hydrograd/dgga/solver.py:2016: UserWarning: Sparse CSR tensor support is in beta state. If you miss a functionality in the sparse tensor support, please submit a feature request to https://github.com/pytorch/pytorch/issues. (Triggered internally at /pytorch/aten/src/ATen/SparseCsrTensorImpl.cpp:49.)
  a_list = [torch.sparse_csr_tensor(ip, ii, vals[i], size=(Nj, Nj))
==============================================================================
node: <node-13> | torch 2.11.0+cu128 | NVIDIA GeForce RTX 5090 | cpus 128
nvmath 1.0.0 | CUBLAS_WORKSPACE_CONFIG = :4096:8
  Net1     Nj=9    nnz=31    收敛迭代数 K=8
  Net3     Nj=92   nnz=320   收敛迭代数 K=7
  Modena   Nj=268  nnz=894   收敛迭代数 K=7
  City_D   Nj=541  nnz=1645  收敛迭代数 K=7
  ky4      Nj=959  nnz=3219  收敛迭代数 K=8

==============================================================================
§1 前向+反向 ms/场景（best of 5，warm 2；K=收敛迭代数；slots=K 全复用）
   末两列 = 同一节点、同一次作业里测的**纯前向**，用来和 P2 的倍数对齐
net      B    K  | fwd+bwd dense  cudss   倍数 | 纯前向 dense   cudss   倍数
Net1     64   8  |       0.75014  1.45627  0.52x |      0.25646  0.64377   0.40x  (计时区内 plan=0)
Net1     256  8  |       0.18926  0.85951  0.22x |      0.06494  0.41323   0.16x  (计时区内 plan=0)
Net3     64   7  |       0.72733  1.28012  0.57x |      0.26887  0.57373   0.47x  (计时区内 plan=0)
Net3     256  7  |       0.19991  0.75503  0.26x |      0.06961  0.36713   0.19x  (计时区内 plan=0)
Modena   64   7  |       1.65698  1.14794  1.44x |      0.36862  0.51968   0.71x  (计时区内 plan=0)
Modena   256  7  |       1.30860  0.72457  1.81x |      0.17878  0.35167   0.51x  (计时区内 plan=0)
City_D   64   7  |       8.41617  1.15066  7.31x |      1.10595  0.52586   2.10x  (计时区内 plan=0)
City_D   256  7  |       7.46893  0.71988 10.38x |      0.65763  0.35018   1.88x  (计时区内 plan=0)
ky4      64   8  |      43.81296  1.51749 28.87x |      3.82560  0.66880   5.72x  (计时区内 plan=0)
ky4      256  8  |           nan  0.86986    OOM |      2.68017  0.41807   6.41x  (计时区内 plan=0)

==============================================================================
§2 逐项线代耗时（B=256，ms/轮，整批）→ 每轮预算与倍数
net      | csr装配 factorize solve×1 | 稠密装配 chol  cholsolve×1 残差elem | dense反向/轮
Net3     |  0.0235    0.1579  3.5917 |   0.0258  0.261      0.1807   0.0316 | 4.495
Modena   |  0.0240    0.4555  3.6162 |   0.1125  2.318      0.6804   0.2601 | 51.182
City_D   |  0.0260    0.5348  3.5940 |   0.4201 11.578      2.1273   1.1415 | 306.554
ky4      |  0.0328    0.9461  3.7603 |   1.2558 52.158      5.4589   3.5944 | 1476.305

==============================================================================
§3 cudss_grad_slots 的代价/收益（ky4 与 Modena，B=256，K=收敛迭代数）
net      slots | fwd+bwd ms/场景  factorize bwd_refact | torch峰值MiB 设备已用MiB
Modena   1     |         0.72867  13        6          |       204.3       2258.2
Modena   2     |         0.72507  12        5          |       207.2       2290.2
Modena   4     |         0.72427  10        3          |       212.1       2356.2
Modena   7     |         0.72377  7         0          |       220.5       2454.2
Modena   11    |         0.72723  7         0          |       220.5       2454.2
ky4      1     |         0.86824  15        7          |       757.6       2266.2
ky4      2     |         0.86791  14        6          |       768.0       2318.2
ky4      4     |         0.87183  12        4          |       784.9       2402.2
ky4      8     |         0.87088  8         0          |       822.7       2678.2
ky4      12    |         0.87530  8         0          |       822.7       2678.2

==============================================================================
§4 显存：前向+反向峰值（每配置前先 free + empty_cache）
net      B    K  | dense torch峰值  cudss torch峰值  降幅 | cudss 设备已用
Net3     64   7  |          186.72           110.58   1.7x |         2484.2
Net3     256  7  |          462.57           157.61   2.9x |         2534.2
Net3     512  7  |          833.17           223.33   3.7x |         2582.2
Modena   64   7  |          792.45           126.65   6.3x |         2502.2
Modena   256  7  |         2866.52           225.61  12.7x |         2582.2
Modena   512  7  |         5653.31           360.03  15.7x |         2476.2
City_D   64   7  |         2860.26           153.92  18.6x |         2532.2
City_D   256  7  |        11165.20           332.97  33.5x |         2474.2
City_D   512  7  |        22235.85           572.53  38.8x |         2476.2
ky4      64   8  |         9696.94           276.68  35.0x |         2668.2
ky4      256  8  |             OOM           823.79      - |         2678.2
ky4      512  8  |             OOM          1528.85      - |         4088.2

==============================================================================
§5 cudss_grad_refine 的时间代价（B=256，slots=K，ms/场景）
net      | refine=0   refine=1   refine=2 | dense fwd+bwd | refine=0 的倍数
Net3     |   0.54953    0.65493    0.75789 |       0.20000 | 0.36x
Modena   |   0.51650    0.62136    0.72743 |       1.31114 | 2.54x
City_D   |   0.51184    0.61892    0.72338 |       7.46558 | 14.59x
ky4      |   0.63430    0.75346    0.87524 |           OOM | -
P3B DONE
P3B JOB DONE
