NVIDIA GeForce RTX 5090, 32607 MiB
node: <node-20> | cpus: 8
/data/run01/<user>/wdsgpu/hgp4rm/dgga/solver.py:2016: UserWarning: Sparse invariant checks are implicitly disabled. Memory errors (e.g. SEGFAULT) will occur when operating on a sparse tensor which violates the invariants, but checks incur performance overhead. To silence this warning, explicitly opt in or out. See `torch.sparse.check_sparse_tensor_invariants.__doc__` for guidance.  (Triggered internally at /pytorch/aten/src/ATen/Context.cpp:760.)
  a_list = [torch.sparse_csr_tensor(ip, ii, vals[i], size=(Nj, Nj))
/data/run01/<user>/wdsgpu/hgp4rm/dgga/solver.py:2016: UserWarning: Sparse CSR tensor support is in beta state. If you miss a functionality in the sparse tensor support, please submit a feature request to https://github.com/pytorch/pytorch/issues. (Triggered internally at /pytorch/aten/src/ATen/SparseCsrTensorImpl.cpp:49.)
  a_list = [torch.sparse_csr_tensor(ip, ii, vals[i], size=(Nj, Nj))
========================================================================================================
P4 R7 · ragged + slots>1 逐出压测 | node: <node-20> | torch 2.11.0+cu128 | NVIDIA GeForce RTX 5090 | ctx 588.19 MiB
nvmath 1.0.0 | steps/轮 = 4 | 桶: [32, 48, 64, 80, 96, 112, 128, 144, 160, 176, 192, 208, 224, 240, 256, 272]
md5 dgga/solver.py 45b0b0eeb66ed4e15ef81c53809d229a
md5 dgga/autodiff.py e4b8cfe49536f85b435e04e5ed5621d2

### Modena  Nj=268  K=5  emitter 节点 60 个
  S1 fixed      cap=8    slots=1   | 冷    0.689 s (plan   1) | 热    0.316 s | step 中位     78.93 p90     78.99 max     79.77 ms | plan 0    fact 36    bwd_reuse 4     bwd_refact 16    | states 1   | 设备增量    128.0 MiB
  S1 fixed      cap=16   slots=1   | 冷    0.433 s (plan   1) | 热    0.316 s | step 中位     79.08 p90     79.15 max     79.20 ms | plan 0    fact 36    bwd_reuse 4     bwd_refact 16    | states 1   | 设备增量     96.0 MiB
  S1 fixed      cap=None slots=1   | 冷    0.426 s (plan   1) | 热    0.318 s | step 中位     79.15 p90     79.31 max     81.30 ms | plan 0    fact 36    bwd_reuse 4     bwd_refact 16    | states 1   | 设备增量     96.0 MiB
  S1 fixed      cap=8    slots=4   | 冷    0.757 s (plan   4) | 热    0.323 s | step 中位     80.67 p90     80.97 max     81.37 ms | plan 0    fact 24    bwd_reuse 16    bwd_refact 4     | states 4   | 设备增量    260.0 MiB
  S1 fixed      cap=32   slots=8   | 冷    1.180 s (plan   8) | 热    0.320 s | step 中位     79.51 p90     79.56 max     81.79 ms | plan 0    fact 20    bwd_reuse 20    bwd_refact 0     | states 8   | 设备增量    394.0 MiB
  S1 fixed      cap=64   slots=1   | 冷    0.442 s (plan   1) | 热    0.321 s | step 中位     80.05 p90     80.06 max     81.16 ms | plan 0    fact 36    bwd_reuse 4     bwd_refact 16    | states 1   | 设备增量     96.0 MiB
  S2 bucket4    cap=8    slots=1   | 冷    0.417 s (plan   4) | 热    0.200 s | step 中位     49.84 p90     53.18 max     59.99 ms | plan 0    fact 36    bwd_reuse 4     bwd_refact 16    | states 4   | 设备增量    156.0 MiB
  S2 bucket4    cap=16   slots=1   | 冷    0.419 s (plan   4) | 热    0.201 s | step 中位     50.06 p90     53.45 max     61.14 ms | plan 0    fact 36    bwd_reuse 4     bwd_refact 16    | states 4   | 设备增量    156.0 MiB
  S2 bucket4    cap=None slots=1   | 冷    0.423 s (plan   4) | 热    0.206 s | step 中位     51.67 p90     54.91 max     62.60 ms | plan 0    fact 36    bwd_reuse 4     bwd_refact 16    | states 4   | 设备增量    156.0 MiB
  S2 bucket4    cap=8    slots=4   | 冷    1.067 s (plan  16) | 热    1.064 s | step 中位    267.14 p90    294.76 max    346.68 ms | plan 16   fact 24    bwd_reuse 16    bwd_refact 4     | states 8   | 设备增量    288.0 MiB
  S2 bucket4    cap=32   slots=8   | 冷    1.278 s (plan  20) | 热    0.896 s | step 中位    213.24 p90    236.94 max    322.61 ms | plan 12   fact 20    bwd_reuse 20    bwd_refact 0     | states 32  | 设备增量   1230.0 MiB
  S2 bucket4    cap=64   slots=1   | 冷    0.416 s (plan   4) | 热    0.199 s | step 中位     49.58 p90     52.81 max     60.13 ms | plan 0    fact 36    bwd_reuse 4     bwd_refact 16    | states 4   | 设备增量    156.0 MiB
  S3 bucket16   cap=8    slots=1   | 冷    3.673 s (plan  16) | 热    3.452 s | step 中位    215.31 p90    319.29 max    355.65 ms | plan 16   fact 144   bwd_reuse 16    bwd_refact 64    | states 8   | 设备增量    384.0 MiB
  S3 bucket16   cap=16   slots=1   | 冷    3.600 s (plan  16) | 热    1.446 s | step 中位     90.09 p90    126.68 max    144.45 ms | plan 0    fact 144   bwd_reuse 16    bwd_refact 64    | states 16  | 设备增量    684.0 MiB
  S3 bucket16   cap=None slots=1   | 冷    3.511 s (plan  16) | 热    1.444 s | step 中位     89.73 p90    126.51 max    141.38 ms | plan 0    fact 144   bwd_reuse 16    bwd_refact 64    | states 16  | 设备增量    652.0 MiB
  S3 bucket16   cap=8    slots=4   | 冷    9.809 s (plan  64) | 热    9.739 s | step 中位    587.60 p90    957.69 max   1092.04 ms | plan 64   fact 96    bwd_reuse 64    bwd_refact 16    | states 8   | 设备增量    406.0 MiB
  S3 bucket16   cap=32   slots=8   | 冷   11.834 s (plan  80) | 热   11.817 s | step 中位    707.21 p90   1100.28 max   1362.01 ms | plan 80   fact 80    bwd_reuse 80    bwd_refact 0     | states 32  | 设备增量   1828.0 MiB
  S3 bucket16   cap=64   slots=1   | 冷    3.463 s (plan  16) | 热    1.459 s | step 中位     91.03 p90    127.16 max    141.77 ms | plan 0    fact 144   bwd_reuse 16    bwd_refact 64    | states 16  | 设备增量    652.0 MiB
  S4 accum4     cap=8    slots=1   | 冷    1.031 s (plan   4) | 热    0.806 s | step 中位    201.47 p90    201.81 max    203.66 ms | plan 0    fact 144   bwd_reuse 16    bwd_refact 64    | states 4   | 设备增量    200.0 MiB
  S4 accum4     cap=16   slots=1   | 冷    1.100 s (plan   4) | 热    0.792 s | step 中位    198.00 p90    198.10 max    198.54 ms | plan 0    fact 144   bwd_reuse 16    bwd_refact 64    | states 4   | 设备增量    200.0 MiB
  S4 accum4     cap=None slots=1   | 冷    1.019 s (plan   4) | 热    0.791 s | step 中位    197.69 p90    197.69 max    198.15 ms | plan 0    fact 144   bwd_reuse 16    bwd_refact 64    | states 4   | 设备增量    200.0 MiB
  S4 accum4     cap=8    slots=4   | 冷    4.695 s (plan  72) | 热    4.423 s | step 中位   1076.27 p90   1084.54 max   1207.15 ms | plan 64   fact 128   bwd_reuse 32    bwd_refact 48    | states 8   | 设备增量    332.0 MiB
  S4 accum4     cap=32   slots=8   | 冷    2.574 s (plan  32) | 热    0.795 s | step 中位    198.78 p90    198.91 max    199.22 ms | plan 0    fact 80    bwd_reuse 80    bwd_refact 0     | states 32  | 设备增量   1110.0 MiB
  S4 accum4     cap=64   slots=1   | 冷    1.018 s (plan   4) | 热    0.794 s | step 中位    198.52 p90    198.94 max    199.18 ms | plan 0    fact 144   bwd_reuse 16    bwd_refact 64    | states 4   | 设备增量    200.0 MiB
  S5 accum12    cap=8    slots=1   | 冷    7.818 s (plan  40) | 热    7.030 s | step 中位   1732.79 p90   1736.24 max   1837.85 ms | plan 32   fact 448   bwd_reuse 32    bwd_refact 208   | states 8   | 设备增量    710.0 MiB
  S5 accum12    cap=16   slots=1   | 冷    4.979 s (plan  12) | 热    3.832 s | step 中位    930.86 p90    931.27 max   1043.06 ms | plan 0    fact 432   bwd_reuse 48    bwd_refact 192   | states 12  | 设备增量    860.0 MiB
  S5 accum12    cap=None slots=1   | 冷    4.979 s (plan  12) | 热    3.713 s | step 中位    927.98 p90    929.53 max    931.71 ms | plan 0    fact 432   bwd_reuse 48    bwd_refact 192   | states 12  | 设备增量    860.0 MiB
  S5 accum12    cap=8    slots=4   | 冷   37.020 s (plan 328) | 热   36.980 s | step 中位   9261.33 p90   9331.73 max   9348.76 ms | plan 320  fact 448   bwd_reuse 32    bwd_refact 208   | states 8   | 设备增量    736.0 MiB
  S5 accum12    cap=32   slots=8   | 冷   34.802 s (plan 328) | 热   34.474 s | step 中位   8591.99 p90   8661.09 max   8784.29 ms | plan 320  fact 352   bwd_reuse 128   bwd_refact 112   | states 32  | 设备增量   1544.0 MiB
  S5 accum12    cap=64   slots=1   | 冷    4.964 s (plan  12) | 热    3.716 s | step 中位    928.69 p90    929.99 max    931.69 ms | plan 0    fact 432   bwd_reuse 48    bwd_refact 192   | states 12  | 设备增量    860.0 MiB
  S6 val-interl cap=8    slots=1   | 冷    5.165 s (plan  40) | 热    4.995 s | step 中位   1258.00 p90   1260.21 max   1271.52 ms | plan 39   fact 220   bwd_reuse 0     bwd_refact 20    | states 8   | 设备增量    324.0 MiB
  S6 val-interl cap=16   slots=1   | 冷    2.289 s (plan  10) | 热    1.404 s | step 中位    351.32 p90    352.50 max    356.32 ms | plan 0    fact 216   bwd_reuse 4     bwd_refact 16    | states 10  | 设备增量    386.0 MiB
  S6 val-interl cap=None slots=1   | 冷    2.399 s (plan  10) | 热    1.407 s | step 中位    351.83 p90    353.55 max    356.50 ms | plan 0    fact 216   bwd_reuse 4     bwd_refact 16    | states 10  | 设备增量    386.0 MiB
  S6 val-interl cap=8    slots=4   | 冷    6.603 s (plan  67) | 热    6.609 s | step 中位   1626.40 p90   1668.17 max   1823.22 ms | plan 66   fact 220   bwd_reuse 0     bwd_refact 20    | states 8   | 设备增量    322.0 MiB
  S6 val-interl cap=32   slots=8   | 冷    3.356 s (plan  27) | 热    2.009 s | step 中位    488.20 p90    497.02 max    575.09 ms | plan 11   fact 200   bwd_reuse 20    bwd_refact 0     | states 32  | 设备增量   1104.0 MiB
  S6 val-interl cap=64   slots=1   | 冷    2.320 s (plan  10) | 热    1.410 s | step 中位    352.26 p90    354.16 max    358.37 ms | plan 0    fact 216   bwd_reuse 4     bwd_refact 16    | states 10  | 设备增量    386.0 MiB

### ky4     Nj=959  K=9  emitter 节点 60 个
  S1 fixed      cap=8    slots=1   | 冷    1.097 s (plan   1) | 热    0.629 s | step 中位    157.16 p90    157.23 max    157.70 ms | plan 0    fact 68    bwd_reuse 4     bwd_refact 32    | states 1   | 设备增量    428.0 MiB
  S1 fixed      cap=16   slots=1   | 冷    1.099 s (plan   1) | 热    0.629 s | step 中位    157.25 p90    157.28 max    157.43 ms | plan 0    fact 68    bwd_reuse 4     bwd_refact 32    | states 1   | 设备增量    428.0 MiB
  S1 fixed      cap=None slots=1   | 冷    1.093 s (plan   1) | 热    0.629 s | step 中位    157.13 p90    157.32 max    157.67 ms | plan 0    fact 68    bwd_reuse 4     bwd_refact 32    | states 1   | 设备增量    428.0 MiB
  S1 fixed      cap=8    slots=4   | 冷    2.448 s (plan   4) | 热    0.629 s | step 中位    157.29 p90    157.43 max    157.99 ms | plan 0    fact 56    bwd_reuse 16    bwd_refact 20    | states 4   | 设备增量    548.0 MiB
  S1 fixed      cap=32   slots=8   | 冷    4.261 s (plan   8) | 热    0.634 s | step 中位    157.84 p90    157.91 max    160.62 ms | plan 0    fact 40    bwd_reuse 32    bwd_refact 4     | states 8   | 设备增量    698.0 MiB
  S1 fixed      cap=64   slots=1   | 冷    1.096 s (plan   1) | 热    0.627 s | step 中位    156.76 p90    156.93 max    157.19 ms | plan 0    fact 68    bwd_reuse 4     bwd_refact 32    | states 1   | 设备增量    428.0 MiB
  S2 bucket4    cap=8    slots=1   | 冷    1.250 s (plan   4) | 热    0.421 s | step 中位    106.22 p90    110.43 max    122.50 ms | plan 0    fact 68    bwd_reuse 4     bwd_refact 32    | states 4   | 设备增量    382.0 MiB
  S2 bucket4    cap=16   slots=1   | 冷    1.175 s (plan   4) | 热    0.418 s | step 中位    104.44 p90    110.48 max    122.63 ms | plan 0    fact 68    bwd_reuse 4     bwd_refact 32    | states 4   | 设备增量    382.0 MiB
  S2 bucket4    cap=None slots=1   | 冷    1.220 s (plan   4) | 热    0.416 s | step 中位    103.91 p90    110.00 max    122.08 ms | plan 0    fact 68    bwd_reuse 4     bwd_refact 32    | states 4   | 设备增量    382.0 MiB
  S2 bucket4    cap=8    slots=4   | 冷    3.426 s (plan  16) | 热    3.607 s | step 中位    933.54 p90    948.17 max   1207.94 ms | plan 16   fact 56    bwd_reuse 16    bwd_refact 20    | states 8   | 设备增量    514.0 MiB
  S2 bucket4    cap=32   slots=8   | 冷    6.446 s (plan  32) | 热    0.418 s | step 中位    104.39 p90    110.48 max    122.37 ms | plan 0    fact 40    bwd_reuse 32    bwd_refact 4     | states 32  | 设备增量   1364.0 MiB
  S2 bucket4    cap=64   slots=1   | 冷    1.184 s (plan   4) | 热    0.417 s | step 中位    104.07 p90    109.96 max    122.49 ms | plan 0    fact 68    bwd_reuse 4     bwd_refact 32    | states 4   | 设备增量    382.0 MiB
  S3 bucket16   cap=8    slots=1   | 冷   11.737 s (plan  16) | 热   11.817 s | step 中位    784.37 p90   1149.49 max   1317.68 ms | plan 16   fact 272   bwd_reuse 16    bwd_refact 128   | states 8   | 设备增量   1468.0 MiB
  S3 bucket16   cap=16   slots=1   | 冷   11.749 s (plan  16) | 热    2.832 s | step 中位    176.38 p90    242.85 max    268.53 ms | plan 0    fact 272   bwd_reuse 16    bwd_refact 128   | states 16  | 设备增量   1744.0 MiB
  S3 bucket16   cap=None slots=1   | 冷   11.750 s (plan  16) | 热    2.831 s | step 中位    176.11 p90    242.99 max    267.72 ms | plan 0    fact 272   bwd_reuse 16    bwd_refact 128   | states 16  | 设备增量   1744.0 MiB
  S3 bucket16   cap=8    slots=4   | 冷   38.681 s (plan  64) | 热   38.690 s | step 中位   2382.51 p90   3964.43 max   4355.24 ms | plan 64   fact 224   bwd_reuse 64    bwd_refact 80    | states 8   | 设备增量   1470.0 MiB
  S3 bucket16   cap=32   slots=8   | 冷   73.992 s (plan 128) | 热   74.334 s | step 中位   4544.82 p90   7448.14 max   8554.78 ms | plan 128  fact 160   bwd_reuse 128   bwd_refact 16    | states 32  | 设备增量   4182.0 MiB
  S3 bucket16   cap=64   slots=1   | 冷   11.658 s (plan  16) | 热    2.823 s | step 中位    175.54 p90    242.13 max    268.49 ms | plan 0    fact 272   bwd_reuse 16    bwd_refact 128   | states 16  | 设备增量   1744.0 MiB
  S4 accum4     cap=8    slots=1   | 冷    2.481 s (plan   4) | 热    1.673 s | step 中位    417.90 p90    418.04 max    419.38 ms | plan 0    fact 272   bwd_reuse 16    bwd_refact 128   | states 4   | 设备增量    800.0 MiB
  S4 accum4     cap=16   slots=1   | 冷    2.489 s (plan   4) | 热    1.690 s | step 中位    422.27 p90    426.46 max    427.54 ms | plan 0    fact 272   bwd_reuse 16    bwd_refact 128   | states 4   | 设备增量    800.0 MiB
  S4 accum4     cap=None slots=1   | 冷    2.488 s (plan   4) | 热    1.687 s | step 中位    419.72 p90    421.43 max    429.85 ms | plan 0    fact 272   bwd_reuse 16    bwd_refact 128   | states 4   | 设备增量    800.0 MiB
  S4 accum4     cap=8    slots=4   | 冷   14.940 s (plan  72) | 热   13.628 s | step 中位   3393.54 p90   3397.73 max   3452.85 ms | plan 64   fact 256   bwd_reuse 32    bwd_refact 112   | states 8   | 设备增量    950.0 MiB
  S4 accum4     cap=32   slots=8   | 冷    7.798 s (plan  32) | 热    1.674 s | step 中位    418.83 p90    418.98 max    419.36 ms | plan 0    fact 160   bwd_reuse 128   bwd_refact 16    | states 32  | 设备增量   1772.0 MiB
  S4 accum4     cap=64   slots=1   | 冷    2.481 s (plan   4) | 热    1.672 s | step 中位    417.99 p90    418.11 max    418.13 ms | plan 0    fact 272   bwd_reuse 16    bwd_refact 128   | states 4   | 设备增量    800.0 MiB
  S5 accum12    cap=8    slots=1   | 冷   23.409 s (plan  40) | 热   20.930 s | step 中位   5230.67 p90   5277.17 max   5290.11 ms | plan 32   fact 832   bwd_reuse 32    bwd_refact 400   | states 8   | 设备增量   4348.0 MiB
  S5 accum12    cap=16   slots=1   | 冷   12.760 s (plan  12) | 热    7.528 s | step 中位   1872.77 p90   1873.31 max   1911.48 ms | plan 0    fact 816   bwd_reuse 48    bwd_refact 384   | states 12  | 设备增量   4478.0 MiB
  S5 accum12    cap=None slots=1   | 冷   12.681 s (plan  12) | 热    7.611 s | step 中位   1876.84 p90   1887.51 max   1992.62 ms | plan 0    fact 816   bwd_reuse 48    bwd_refact 384   | states 12  | 设备增量   4478.0 MiB
  S5 accum12    cap=8    slots=4   | 冷  143.028 s (plan 328) | 热  141.476 s | step 中位  35368.37 p90  35435.80 max  35443.09 ms | plan 320  fact 832   bwd_reuse 32    bwd_refact 400   | states 8   | 设备增量   4366.0 MiB
  S5 accum12    cap=32   slots=8   | 冷  230.545 s (plan 544) | 热  223.834 s | step 中位  55963.82 p90  55970.18 max  55983.06 ms | plan 512  fact 736   bwd_reuse 128   bwd_refact 304   | states 32  | 设备增量   5308.0 MiB
  S5 accum12    cap=64   slots=1   | 冷   12.649 s (plan  12) | 热    7.465 s | step 中位   1866.66 p90   1867.42 max   1867.75 ms | plan 0    fact 816   bwd_reuse 48    bwd_refact 384   | states 12  | 设备增量   4478.0 MiB
  S6 val-interl cap=8    slots=1   | 冷   17.091 s (plan  40) | 热   16.714 s | step 中位   4174.32 p90   4279.85 max   4314.76 ms | plan 39   fact 396   bwd_reuse 0     bwd_refact 36    | states 8   | 设备增量    650.0 MiB
  S6 val-interl cap=16   slots=1   | 冷    6.337 s (plan  10) | 热    2.768 s | step 中位    692.69 p90    695.56 max    699.20 ms | plan 0    fact 392   bwd_reuse 4     bwd_refact 32    | states 10  | 设备增量    716.0 MiB
  S6 val-interl cap=None slots=1   | 冷    6.449 s (plan  10) | 热    2.757 s | step 中位    690.01 p90    693.04 max    697.34 ms | plan 0    fact 392   bwd_reuse 4     bwd_refact 32    | states 10  | 设备增量    716.0 MiB
  S6 val-interl cap=8    slots=4   | 冷   22.029 s (plan  67) | 热   21.929 s | step 中位   5485.63 p90   5724.20 max   6087.59 ms | plan 66   fact 396   bwd_reuse 0     bwd_refact 36    | states 8   | 设备增量    650.0 MiB
  S6 val-interl cap=32   slots=8   | 冷   11.625 s (plan  38) | 热    7.986 s | step 中位   1989.56 p90   2168.37 max   2540.34 ms | plan 28   fact 364   bwd_reuse 32    bwd_refact 4     | states 32  | 设备增量   1474.0 MiB
  S6 val-interl cap=64   slots=1   | 冷    6.330 s (plan  10) | 热    2.770 s | step 中位    693.43 p90    697.44 max    699.31 ms | plan 0    fact 392   bwd_reuse 4     bwd_refact 32    | states 10  | 设备增量    716.0 MiB

========================================================================================================
§R7-1 全表  node=<node-20>
net     形态           参数              | 冷(s)  plan冷 | 热(s)    中位ms    p90ms     maxms    | plan fact bwdreuse bwdref | states 设备增量MiB
Modena  S1 fixed      cap=8    slots=1   |  0.689     1 |   0.316    78.93    78.99     79.77 |    0   36        4     16 |     1    128.0
Modena  S1 fixed      cap=16   slots=1   |  0.433     1 |   0.316    79.08    79.15     79.20 |    0   36        4     16 |     1     96.0
Modena  S1 fixed      cap=None slots=1   |  0.426     1 |   0.318    79.15    79.31     81.30 |    0   36        4     16 |     1     96.0
Modena  S1 fixed      cap=8    slots=4   |  0.757     4 |   0.323    80.67    80.97     81.37 |    0   24       16      4 |     4    260.0
Modena  S1 fixed      cap=32   slots=8   |  1.180     8 |   0.320    79.51    79.56     81.79 |    0   20       20      0 |     8    394.0
Modena  S1 fixed      cap=64   slots=1   |  0.442     1 |   0.321    80.05    80.06     81.16 |    0   36        4     16 |     1     96.0
Modena  S2 bucket4    cap=8    slots=1   |  0.417     4 |   0.200    49.84    53.18     59.99 |    0   36        4     16 |     4    156.0
Modena  S2 bucket4    cap=16   slots=1   |  0.419     4 |   0.201    50.06    53.45     61.14 |    0   36        4     16 |     4    156.0
Modena  S2 bucket4    cap=None slots=1   |  0.423     4 |   0.206    51.67    54.91     62.60 |    0   36        4     16 |     4    156.0
Modena  S2 bucket4    cap=8    slots=4   |  1.067    16 |   1.064   267.14   294.76    346.68 |   16   24       16      4 |     8    288.0
Modena  S2 bucket4    cap=32   slots=8   |  1.278    20 |   0.896   213.24   236.94    322.61 |   12   20       20      0 |    32   1230.0
Modena  S2 bucket4    cap=64   slots=1   |  0.416     4 |   0.199    49.58    52.81     60.13 |    0   36        4     16 |     4    156.0
Modena  S3 bucket16   cap=8    slots=1   |  3.673    16 |   3.452   215.31   319.29    355.65 |   16  144       16     64 |     8    384.0
Modena  S3 bucket16   cap=16   slots=1   |  3.600    16 |   1.446    90.09   126.68    144.45 |    0  144       16     64 |    16    684.0
Modena  S3 bucket16   cap=None slots=1   |  3.511    16 |   1.444    89.73   126.51    141.38 |    0  144       16     64 |    16    652.0
Modena  S3 bucket16   cap=8    slots=4   |  9.809    64 |   9.739   587.60   957.69   1092.04 |   64   96       64     16 |     8    406.0
Modena  S3 bucket16   cap=32   slots=8   | 11.834    80 |  11.817   707.21  1100.28   1362.01 |   80   80       80      0 |    32   1828.0
Modena  S3 bucket16   cap=64   slots=1   |  3.463    16 |   1.459    91.03   127.16    141.77 |    0  144       16     64 |    16    652.0
Modena  S4 accum4     cap=8    slots=1   |  1.031     4 |   0.806   201.47   201.81    203.66 |    0  144       16     64 |     4    200.0
Modena  S4 accum4     cap=16   slots=1   |  1.100     4 |   0.792   198.00   198.10    198.54 |    0  144       16     64 |     4    200.0
Modena  S4 accum4     cap=None slots=1   |  1.019     4 |   0.791   197.69   197.69    198.15 |    0  144       16     64 |     4    200.0
Modena  S4 accum4     cap=8    slots=4   |  4.695    72 |   4.423  1076.27  1084.54   1207.15 |   64  128       32     48 |     8    332.0
Modena  S4 accum4     cap=32   slots=8   |  2.574    32 |   0.795   198.78   198.91    199.22 |    0   80       80      0 |    32   1110.0
Modena  S4 accum4     cap=64   slots=1   |  1.018     4 |   0.794   198.52   198.94    199.18 |    0  144       16     64 |     4    200.0
Modena  S5 accum12    cap=8    slots=1   |  7.818    40 |   7.030  1732.79  1736.24   1837.85 |   32  448       32    208 |     8    710.0
Modena  S5 accum12    cap=16   slots=1   |  4.979    12 |   3.832   930.86   931.27   1043.06 |    0  432       48    192 |    12    860.0
Modena  S5 accum12    cap=None slots=1   |  4.979    12 |   3.713   927.98   929.53    931.71 |    0  432       48    192 |    12    860.0
Modena  S5 accum12    cap=8    slots=4   | 37.020   328 |  36.980  9261.33  9331.73   9348.76 |  320  448       32    208 |     8    736.0
Modena  S5 accum12    cap=32   slots=8   | 34.802   328 |  34.474  8591.99  8661.09   8784.29 |  320  352      128    112 |    32   1544.0
Modena  S5 accum12    cap=64   slots=1   |  4.964    12 |   3.716   928.69   929.99    931.69 |    0  432       48    192 |    12    860.0
Modena  S6 val-interl cap=8    slots=1   |  5.165    40 |   4.995  1258.00  1260.21   1271.52 |   39  220        0     20 |     8    324.0
Modena  S6 val-interl cap=16   slots=1   |  2.289    10 |   1.404   351.32   352.50    356.32 |    0  216        4     16 |    10    386.0
Modena  S6 val-interl cap=None slots=1   |  2.399    10 |   1.407   351.83   353.55    356.50 |    0  216        4     16 |    10    386.0
Modena  S6 val-interl cap=8    slots=4   |  6.603    67 |   6.609  1626.40  1668.17   1823.22 |   66  220        0     20 |     8    322.0
Modena  S6 val-interl cap=32   slots=8   |  3.356    27 |   2.009   488.20   497.02    575.09 |   11  200       20      0 |    32   1104.0
Modena  S6 val-interl cap=64   slots=1   |  2.320    10 |   1.410   352.26   354.16    358.37 |    0  216        4     16 |    10    386.0
ky4     S1 fixed      cap=8    slots=1   |  1.097     1 |   0.629   157.16   157.23    157.70 |    0   68        4     32 |     1    428.0
ky4     S1 fixed      cap=16   slots=1   |  1.099     1 |   0.629   157.25   157.28    157.43 |    0   68        4     32 |     1    428.0
ky4     S1 fixed      cap=None slots=1   |  1.093     1 |   0.629   157.13   157.32    157.67 |    0   68        4     32 |     1    428.0
ky4     S1 fixed      cap=8    slots=4   |  2.448     4 |   0.629   157.29   157.43    157.99 |    0   56       16     20 |     4    548.0
ky4     S1 fixed      cap=32   slots=8   |  4.261     8 |   0.634   157.84   157.91    160.62 |    0   40       32      4 |     8    698.0
ky4     S1 fixed      cap=64   slots=1   |  1.096     1 |   0.627   156.76   156.93    157.19 |    0   68        4     32 |     1    428.0
ky4     S2 bucket4    cap=8    slots=1   |  1.250     4 |   0.421   106.22   110.43    122.50 |    0   68        4     32 |     4    382.0
ky4     S2 bucket4    cap=16   slots=1   |  1.175     4 |   0.418   104.44   110.48    122.63 |    0   68        4     32 |     4    382.0
ky4     S2 bucket4    cap=None slots=1   |  1.220     4 |   0.416   103.91   110.00    122.08 |    0   68        4     32 |     4    382.0
ky4     S2 bucket4    cap=8    slots=4   |  3.426    16 |   3.607   933.54   948.17   1207.94 |   16   56       16     20 |     8    514.0
ky4     S2 bucket4    cap=32   slots=8   |  6.446    32 |   0.418   104.39   110.48    122.37 |    0   40       32      4 |    32   1364.0
ky4     S2 bucket4    cap=64   slots=1   |  1.184     4 |   0.417   104.07   109.96    122.49 |    0   68        4     32 |     4    382.0
ky4     S3 bucket16   cap=8    slots=1   | 11.737    16 |  11.817   784.37  1149.49   1317.68 |   16  272       16    128 |     8   1468.0
ky4     S3 bucket16   cap=16   slots=1   | 11.749    16 |   2.832   176.38   242.85    268.53 |    0  272       16    128 |    16   1744.0
ky4     S3 bucket16   cap=None slots=1   | 11.750    16 |   2.831   176.11   242.99    267.72 |    0  272       16    128 |    16   1744.0
ky4     S3 bucket16   cap=8    slots=4   | 38.681    64 |  38.690  2382.51  3964.43   4355.24 |   64  224       64     80 |     8   1470.0
ky4     S3 bucket16   cap=32   slots=8   | 73.992   128 |  74.334  4544.82  7448.14   8554.78 |  128  160      128     16 |    32   4182.0
ky4     S3 bucket16   cap=64   slots=1   | 11.658    16 |   2.823   175.54   242.13    268.49 |    0  272       16    128 |    16   1744.0
ky4     S4 accum4     cap=8    slots=1   |  2.481     4 |   1.673   417.90   418.04    419.38 |    0  272       16    128 |     4    800.0
ky4     S4 accum4     cap=16   slots=1   |  2.489     4 |   1.690   422.27   426.46    427.54 |    0  272       16    128 |     4    800.0
ky4     S4 accum4     cap=None slots=1   |  2.488     4 |   1.687   419.72   421.43    429.85 |    0  272       16    128 |     4    800.0
ky4     S4 accum4     cap=8    slots=4   | 14.940    72 |  13.628  3393.54  3397.73   3452.85 |   64  256       32    112 |     8    950.0
ky4     S4 accum4     cap=32   slots=8   |  7.798    32 |   1.674   418.83   418.98    419.36 |    0  160      128     16 |    32   1772.0
ky4     S4 accum4     cap=64   slots=1   |  2.481     4 |   1.672   417.99   418.11    418.13 |    0  272       16    128 |     4    800.0
ky4     S5 accum12    cap=8    slots=1   | 23.409    40 |  20.930  5230.67  5277.17   5290.11 |   32  832       32    400 |     8   4348.0
ky4     S5 accum12    cap=16   slots=1   | 12.760    12 |   7.528  1872.77  1873.31   1911.48 |    0  816       48    384 |    12   4478.0
ky4     S5 accum12    cap=None slots=1   | 12.681    12 |   7.611  1876.84  1887.51   1992.62 |    0  816       48    384 |    12   4478.0
ky4     S5 accum12    cap=8    slots=4   | 143.028   328 | 141.476 35368.37 35435.80  35443.09 |  320  832       32    400 |     8   4366.0
ky4     S5 accum12    cap=32   slots=8   | 230.545   544 | 223.834 55963.82 55970.18  55983.06 |  512  736      128    304 |    32   5308.0
ky4     S5 accum12    cap=64   slots=1   | 12.649    12 |   7.465  1866.66  1867.42   1867.75 |    0  816       48    384 |    12   4478.0
ky4     S6 val-interl cap=8    slots=1   | 17.091    40 |  16.714  4174.32  4279.85   4314.76 |   39  396        0     36 |     8    650.0
ky4     S6 val-interl cap=16   slots=1   |  6.337    10 |   2.768   692.69   695.56    699.20 |    0  392        4     32 |    10    716.0
ky4     S6 val-interl cap=None slots=1   |  6.449    10 |   2.757   690.01   693.04    697.34 |    0  392        4     32 |    10    716.0
ky4     S6 val-interl cap=8    slots=4   | 22.029    67 |  21.929  5485.63  5724.20   6087.59 |   66  396        0     36 |     8    650.0
ky4     S6 val-interl cap=32   slots=8   | 11.625    38 |   7.986  1989.56  2168.37   2540.34 |   28  364       32      4 |    32   1474.0
ky4     S6 val-interl cap=64   slots=1   |  6.330    10 |   2.770   693.43   697.44    699.31 |    0  392        4     32 |    10    716.0

§R7-2 相对缺省 (8,1) 的热轮倍数（同网同形态）  node=<node-20>
net     形态           参数              | 热(s)    ÷缺省    设备MiB  ÷缺省
Modena  S1 fixed      cap=8    slots=1   |   0.316   1.00x     128.0   1.00x
Modena  S1 fixed      cap=16   slots=1   |   0.316   1.00x      96.0   0.75x
Modena  S1 fixed      cap=None slots=1   |   0.318   1.01x      96.0   0.75x
Modena  S1 fixed      cap=8    slots=4   |   0.323   1.02x     260.0   2.03x
Modena  S1 fixed      cap=32   slots=8   |   0.320   1.01x     394.0   3.08x
Modena  S1 fixed      cap=64   slots=1   |   0.321   1.01x      96.0   0.75x
Modena  S2 bucket4    cap=8    slots=1   |   0.200   1.00x     156.0   1.00x
Modena  S2 bucket4    cap=16   slots=1   |   0.201   1.01x     156.0   1.00x
Modena  S2 bucket4    cap=None slots=1   |   0.206   1.03x     156.0   1.00x
Modena  S2 bucket4    cap=8    slots=4   |   1.064   5.33x     288.0   1.85x
Modena  S2 bucket4    cap=32   slots=8   |   0.896   4.49x    1230.0   7.88x
Modena  S2 bucket4    cap=64   slots=1   |   0.199   1.00x     156.0   1.00x
Modena  S3 bucket16   cap=8    slots=1   |   3.452   1.00x     384.0   1.00x
Modena  S3 bucket16   cap=16   slots=1   |   1.446   0.42x     684.0   1.78x
Modena  S3 bucket16   cap=None slots=1   |   1.444   0.42x     652.0   1.70x
Modena  S3 bucket16   cap=8    slots=4   |   9.739   2.82x     406.0   1.06x
Modena  S3 bucket16   cap=32   slots=8   |  11.817   3.42x    1828.0   4.76x
Modena  S3 bucket16   cap=64   slots=1   |   1.459   0.42x     652.0   1.70x
Modena  S4 accum4     cap=8    slots=1   |   0.806   1.00x     200.0   1.00x
Modena  S4 accum4     cap=16   slots=1   |   0.792   0.98x     200.0   1.00x
Modena  S4 accum4     cap=None slots=1   |   0.791   0.98x     200.0   1.00x
Modena  S4 accum4     cap=8    slots=4   |   4.423   5.49x     332.0   1.66x
Modena  S4 accum4     cap=32   slots=8   |   0.795   0.99x    1110.0   5.55x
Modena  S4 accum4     cap=64   slots=1   |   0.794   0.99x     200.0   1.00x
Modena  S5 accum12    cap=8    slots=1   |   7.030   1.00x     710.0   1.00x
Modena  S5 accum12    cap=16   slots=1   |   3.832   0.55x     860.0   1.21x
Modena  S5 accum12    cap=None slots=1   |   3.713   0.53x     860.0   1.21x
Modena  S5 accum12    cap=8    slots=4   |  36.980   5.26x     736.0   1.04x
Modena  S5 accum12    cap=32   slots=8   |  34.474   4.90x    1544.0   2.17x
Modena  S5 accum12    cap=64   slots=1   |   3.716   0.53x     860.0   1.21x
Modena  S6 val-interl cap=8    slots=1   |   4.995   1.00x     324.0   1.00x
Modena  S6 val-interl cap=16   slots=1   |   1.404   0.28x     386.0   1.19x
Modena  S6 val-interl cap=None slots=1   |   1.407   0.28x     386.0   1.19x
Modena  S6 val-interl cap=8    slots=4   |   6.609   1.32x     322.0   0.99x
Modena  S6 val-interl cap=32   slots=8   |   2.009   0.40x    1104.0   3.41x
Modena  S6 val-interl cap=64   slots=1   |   1.410   0.28x     386.0   1.19x
ky4     S1 fixed      cap=8    slots=1   |   0.629   1.00x     428.0   1.00x
ky4     S1 fixed      cap=16   slots=1   |   0.629   1.00x     428.0   1.00x
ky4     S1 fixed      cap=None slots=1   |   0.629   1.00x     428.0   1.00x
ky4     S1 fixed      cap=8    slots=4   |   0.629   1.00x     548.0   1.28x
ky4     S1 fixed      cap=32   slots=8   |   0.634   1.01x     698.0   1.63x
ky4     S1 fixed      cap=64   slots=1   |   0.627   1.00x     428.0   1.00x
ky4     S2 bucket4    cap=8    slots=1   |   0.421   1.00x     382.0   1.00x
ky4     S2 bucket4    cap=16   slots=1   |   0.418   0.99x     382.0   1.00x
ky4     S2 bucket4    cap=None slots=1   |   0.416   0.99x     382.0   1.00x
ky4     S2 bucket4    cap=8    slots=4   |   3.607   8.56x     514.0   1.35x
ky4     S2 bucket4    cap=32   slots=8   |   0.418   0.99x    1364.0   3.57x
ky4     S2 bucket4    cap=64   slots=1   |   0.417   0.99x     382.0   1.00x
ky4     S3 bucket16   cap=8    slots=1   |  11.817   1.00x    1468.0   1.00x
ky4     S3 bucket16   cap=16   slots=1   |   2.832   0.24x    1744.0   1.19x
ky4     S3 bucket16   cap=None slots=1   |   2.831   0.24x    1744.0   1.19x
ky4     S3 bucket16   cap=8    slots=4   |  38.690   3.27x    1470.0   1.00x
ky4     S3 bucket16   cap=32   slots=8   |  74.334   6.29x    4182.0   2.85x
ky4     S3 bucket16   cap=64   slots=1   |   2.823   0.24x    1744.0   1.19x
ky4     S4 accum4     cap=8    slots=1   |   1.673   1.00x     800.0   1.00x
ky4     S4 accum4     cap=16   slots=1   |   1.690   1.01x     800.0   1.00x
ky4     S4 accum4     cap=None slots=1   |   1.687   1.01x     800.0   1.00x
ky4     S4 accum4     cap=8    slots=4   |  13.628   8.15x     950.0   1.19x
ky4     S4 accum4     cap=32   slots=8   |   1.674   1.00x    1772.0   2.21x
ky4     S4 accum4     cap=64   slots=1   |   1.672   1.00x     800.0   1.00x
ky4     S5 accum12    cap=8    slots=1   |  20.930   1.00x    4348.0   1.00x
ky4     S5 accum12    cap=16   slots=1   |   7.528   0.36x    4478.0   1.03x
ky4     S5 accum12    cap=None slots=1   |   7.611   0.36x    4478.0   1.03x
ky4     S5 accum12    cap=8    slots=4   | 141.476   6.76x    4366.0   1.00x
ky4     S5 accum12    cap=32   slots=8   | 223.834  10.69x    5308.0   1.22x
ky4     S5 accum12    cap=64   slots=1   |   7.465   0.36x    4478.0   1.03x
ky4     S6 val-interl cap=8    slots=1   |  16.714   1.00x     650.0   1.00x
ky4     S6 val-interl cap=16   slots=1   |   2.768   0.17x     716.0   1.10x
ky4     S6 val-interl cap=None slots=1   |   2.757   0.16x     716.0   1.10x
ky4     S6 val-interl cap=8    slots=4   |  21.929   1.31x     650.0   1.00x
ky4     S6 val-interl cap=32   slots=8   |   7.986   0.48x    1474.0   2.27x
ky4     S6 val-interl cap=64   slots=1   |   2.770   0.17x     716.0   1.10x
P4R R7 DONE
P4R JOB DONE
