NVIDIA GeForce RTX 5090, 32607 MiB
node: <node-23> | cpus: 8
====================================================================================================
XF-1  T4 有牙吗：自造单侧变体阶梯 + 对称对照 | 节点 <node-23>
dgga=/data/run01/<user>/wdsgpu/hgfinal/dgga | reg=/data/run01/<user>/wdsgpu/hgfinal/regression_gpu.py | nets=/data/run01/<user>/wdsgpu/hgfinal/p2nets
====================================================================================================
C0_clean           rc=0 | T1 0/10红 T2 0/10红 T3 0/20红 T4 0/10红 | 总判定: PASS （50/50 项通过）
    T4 十格 max|A−A^T| = 0.000e+00 0.000e+00 0.000e+00 0.000e+00 0.000e+00 0.000e+00 0.000e+00 0.000e+00 0.000e+00 0.000e+00
S1_emit_ulp        rc=1 | T1 0/10红 T2 0/10红 T3 0/20红 T4 10/10红 | 总判定: FAIL （40/50 项通过）
    T4 十格 max|A−A^T| = 1.137e-13 7.105e-15 1.863e-09 7.276e-12 5.684e-14 2.274e-13 1.863e-09 1.863e-09 1.455e-11 1.455e-11
S1_emit_1e-14      rc=1 | T1 0/10红 T2 0/10红 T3 0/20红 T4 10/10红 | 总判定: FAIL （40/50 项通过）
    T4 十格 max|A−A^T| = 5.230e-12 4.263e-13 1.006e-07 3.711e-10 4.263e-12 1.501e-11 1.006e-07 1.006e-07 7.276e-10 8.004e-10
S1_emit_1e-12      rc=1 | T1 0/10红 T2 0/10红 T3 0/20红 T4 10/10红 | 总判定: FAIL （40/50 项通过）
    T4 十格 max|A−A^T| = 5.193e-10 4.237e-11 1.000e-05 3.670e-08 4.285e-10 1.505e-09 1.000e-05 1.000e-05 7.365e-08 7.950e-08
S1_emit_1e-09      rc=1 | T1 1/10红 T2 0/10红 T3 0/20红 T4 10/10红 | 总判定: FAIL （39/50 项通过）
    T4 十格 max|A−A^T| = 5.193e-07 4.237e-08 1.000e-02 3.763e-05 4.178e-07 1.505e-06 1.000e-02 1.000e-02 7.351e-05 7.949e-05
S1_emit_1e-06      rc=1 | T1 6/10红 T2 0/10红 T3 0/20红 T4 10/10红 | 总判定: FAIL （34/50 项通过）
    T4 十格 max|A−A^T| = 5.200e-04 4.237e-05 3.161e-02 3.689e-02 5.411e-04 2.201e-04 1.000e+01 1.000e+01 1.983e+00 1.000e+01
S1_emit_1e-04      rc=1 | T1 8/10红 T2 0/10红 T3 0/20红 T4 10/10红 | 总判定: FAIL （32/50 项通过）
    T4 十格 max|A−A^T| = 1.332e+00 4.226e-03 ? 3.763e+00 6.435e-02 3.053e-01 1.000e+03 1.000e+03 7.351e+00 7.949e+00
S1_emit_1e-02      rc=1 | T1 9/10红 T2 0/10红 T3 0/20红 T4 10/10红 | 总判定: FAIL （31/50 项通过）
    T4 十格 max|A−A^T| = 8.660e+00 3.125e+00 2.410e+02 ? 1.411e+00 1.506e+01 1.000e+05 1.000e+05 7.351e+02 7.949e+02
S2_asm_ulp         rc=1 | T1 0/10红 T2 0/10红 T3 0/20红 T4 10/10红 | 总判定: FAIL （40/50 项通过）
    T4 十格 max|A−A^T| = 1.137e-13 7.105e-15 1.863e-09 7.276e-12 5.684e-14 2.274e-13 1.863e-09 1.863e-09 1.455e-11 1.455e-11
S2_asm_1e-09       rc=1 | T1 1/10红 T2 0/10红 T3 0/20红 T4 10/10红 | 总判定: FAIL （39/50 项通过）
    T4 十格 max|A−A^T| = 5.193e-07 4.237e-08 1.000e-02 3.763e-05 4.178e-07 1.505e-06 1.000e-02 1.000e-02 7.351e-05 7.949e-05
S3_load_1e-06      rc=1 | T1 0/10红 T2 0/10红 T3 20/20红 T4 0/10红 | 总判定: FAIL （30/50 项通过）
    T4 十格 max|A−A^T| = 0.000e+00 0.000e+00 0.000e+00 0.000e+00 0.000e+00 0.000e+00 0.000e+00 0.000e+00 0.000e+00 0.000e+00
C1_symscale        rc=1 | T1 6/10红 T2 0/10红 T3 0/20红 T4 0/10红 | 总判定: FAIL （44/50 项通过）
    T4 十格 max|A−A^T| = 0.000e+00 0.000e+00 0.000e+00 0.000e+00 0.000e+00 0.000e+00 0.000e+00 0.000e+00 0.000e+00 0.000e+00
C2_symdiag         rc=1 | T1 1/10红 T2 0/10红 T3 0/20红 T4 0/10红 | 总判定: FAIL （49/50 项通过）
    T4 十格 max|A−A^T| = 0.000e+00 0.000e+00 0.000e+00 0.000e+00 0.000e+00 0.000e+00 0.000e+00 0.000e+00 0.000e+00 0.000e+00
C3_sympair_1e-04   rc=1 | T1 9/10红 T2 0/10红 T3 0/20红 T4 0/10红 | 总判定: FAIL （41/50 项通过）
    T4 十格 max|A−A^T| = 0.000e+00 0.000e+00 0.000e+00 0.000e+00 0.000e+00 0.000e+00 0.000e+00 0.000e+00 0.000e+00 0.000e+00

====================================================================================================
C0_clean           期望T4红=False 实测T4红=0/10  OK
S1_emit_ulp        期望T4红=True  实测T4红=10/10  OK
S1_emit_1e-14      期望T4红=True  实测T4红=10/10  OK
S1_emit_1e-12      期望T4红=True  实测T4红=10/10  OK
S1_emit_1e-09      期望T4红=True  实测T4红=10/10  OK
S1_emit_1e-06      期望T4红=True  实测T4红=10/10  OK
S1_emit_1e-04      期望T4红=True  实测T4红=10/10  OK
S1_emit_1e-02      期望T4红=True  实测T4红=10/10  OK
S2_asm_ulp         期望T4红=True  实测T4红=10/10  OK
S2_asm_1e-09       期望T4红=True  实测T4红=10/10  OK
S3_load_1e-06      期望T4红=None  实测T4红=0/10  （探边，无期望）
C1_symscale        期望T4红=False 实测T4红=0/10  OK
C2_symdiag         期望T4红=False 实测T4红=0/10  OK
C3_sympair_1e-04   期望T4红=False 实测T4红=0/10  OK
总判定: T4 有牙 | 用时 359 s
XF1-JSON [{"name": "C0_clean", "expect_red": false, "rc": 0, "red": {"T1": 0, "T2": 0, "T3": 0, "T4": 0}, "tot": {"T1": 10, "T2": 10, "T3": 20, "T4": 10}, "t4worst": ["0.000e+00", "0.000e+00", "0.000e+00", "0.000e+00", "0.000e+00", "0.000e+00", "0.000e+00", "0.000e+00", "0.000e+00", "0.000e+00"], "verdict": "总判定: PASS （50/50 项通过）", "secs": 117.2}, {"name": "S1_emit_ulp", "expect_red": true, "rc": 1, "red": {"T1": 0, "T2": 0, "T3": 0, "T4": 10}, "tot": {"T1": 10, "T2": 10, "T3": 20, "T4": 10}, "t4worst": ["1.137e-13", "7.105e-15", "1.863e-09", "7.276e-12", "5.684e-14", "2.274e-13", "1.863e-09", "1.863e-09", "1.455e-11", "1.455e-11"], "verdict": "总判定: FAIL （40/50 项通过）", "secs": 20.6}, {"name": "S1_emit_1e-14", "expect_red": true, "rc": 1, "red": {"T1": 0, "T2": 0, "T3": 0, "T4": 10}, "tot": {"T1": 10, "T2": 10, "T3": 20, "T4": 10}, "t4worst": ["5.230e-12", "4.263e-13", "1.006e-07", "3.711e-10", "4.263e-12", "1.501e-11", "1.006e-07", "1.006e-07", "7.276e-10", "8.004e-10"], "verdict": "总判定: FAIL （40/50 项通过）", "secs": 19.0}, {"name": "S1_emit_1e-12", "expect_red": true, "rc": 1, "red": {"T1": 0, "T2": 0, "T3": 0, "T4": 10}, "tot": {"T1": 10, "T2": 10, "T3": 20, "T4": 10}, "t4worst": ["5.193e-10", "4.237e-11", "1.000e-05", "3.670e-08", "4.285e-10", "1.505e-09", "1.000e-05", "1.000e-05", "7.365e-08", "7.950e-08"], "verdict": "总判定: FAIL （40/50 项通过）", "secs": 22.7}, {"name": "S1_emit_1e-09", "expect_red": true, "rc": 1, "red": {"T1": 1, "T2": 0, "T3": 0, "T4": 10}, "tot": {"T1": 10, "T2": 10, "T3": 20, "T4": 10}, "t4worst": ["5.193e-07", "4.237e-08", "1.000e-02", "3.763e-05", "4.178e-07", "1.505e-06", "1.000e-02", "1.000e-02", "7.351e-05", "7.949e-05"], "verdict": "总判定: FAIL （39/50 项通过）", "secs": 19.6}, {"name": "S1_emit_1e-06", "expect_red": true, "rc": 1, "red": {"T1": 6, "T2": 0, "T3": 0, "T4": 10}, "tot": {"T1": 10, "T2": 10, "T3": 20, "T4": 10}, "t4worst": ["5.200e-04", "4.237e-05", "3.161e-02", "3.689e-02", "5.411e-04", "2.201e-04", "1.000e+01", "1.000e+01", "1.983e+00", "1.000e+01"], "verdict": "总判定: FAIL （34/50 项通过）", "secs": 22.1}, {"name": "S1_emit_1e-04", "expect_red": true, "rc": 1, "red": {"T1": 8, "T2": 0, "T3": 0, "T4": 10}, "tot": {"T1": 10, "T2": 10, "T3": 20, "T4": 10}, "t4worst": ["1.332e+00", "4.226e-03", "?", "3.763e+00", "6.435e-02", "3.053e-01", "1.000e+03", "1.000e+03", "7.351e+00", "7.949e+00"], "verdict": "总判定: FAIL （32/50 项通过）", "secs": 17.3}, {"name": "S1_emit_1e-02", "expect_red": true, "rc": 1, "red": {"T1": 9, "T2": 0, "T3": 0, "T4": 10}, "tot": {"T1": 10, "T2": 10, "T3": 20, "T4": 10}, "t4worst": ["8.660e+00", "3.125e+00", "2.410e+02", "?", "1.411e+00", "1.506e+01", "1.000e+05", "1.000e+05", "7.351e+02", "7.949e+02"], "verdict": "总判定: FAIL （31/50 项通过）", "secs": 17.3}, {"name": "S2_asm_ulp", "expect_red": true, "rc": 1, "red": {"T1": 0, "T2": 0, "T3": 0, "T4": 10}, "tot": {"T1": 10, "T2": 10, "T3": 20, "T4": 10}, "t4worst": ["1.137e-13", "7.105e-15", "1.863e-09", "7.276e-12", "5.684e-14", "2.274e-13", "1.863e-09", "1.863e-09", "1.455e-11", "1.455e-11"], "verdict": "总判定: FAIL （40/50 项通过）", "secs": 15.8}, {"name": "S2_asm_1e-09", "expect_red": true, "rc": 1, "red": {"T1": 1, "T2": 0, "T3": 0, "T4": 10}, "tot": {"T1": 10, "T2": 10, "T3": 20, "T4": 10}, "t4worst": ["5.193e-07", "4.237e-08", "1.000e-02", "3.763e-05", "4.178e-07", "1.505e-06", "1.000e-02", "1.000e-02", "7.351e-05", "7.949e-05"], "verdict": "总判定: FAIL （39/50 项通过）", "secs": 15.9}, {"name": "S3_load_1e-06", "expect_red": null, "rc": 1, "red": {"T1": 0, "T2": 0, "T3": 20, "T4": 0}, "tot": {"T1": 10, "T2": 10, "T3": 20, "T4": 10}, "t4worst": ["0.000e+00", "0.000e+00", "0.000e+00", "0.000e+00", "0.000e+00", "0.000e+00", "0.000e+00", "0.000e+00", "0.000e+00", "0.000e+00"], "verdict": "总判定: FAIL （30/50 项通过）", "secs": 15.8}, {"name": "C1_symscale", "expect_red": false, "rc": 1, "red": {"T1": 6, "T2": 0, "T3": 0, "T4": 0}, "tot": {"T1": 10, "T2": 10, "T3": 20, "T4": 10}, "t4worst": ["0.000e+00", "0.000e+00", "0.000e+00", "0.000e+00", "0.000e+00", "0.000e+00", "0.000e+00", "0.000e+00", "0.000e+00", "0.000e+00"], "verdict": "总判定: FAIL （44/50 项通过）", "secs": 18.5}, {"name": "C2_symdiag", "expect_red": false, "rc": 1, "red": {"T1": 1, "T2": 0, "T3": 0, "T4": 0}, "tot": {"T1": 10, "T2": 10, "T3": 20, "T4": 10}, "t4worst": ["0.000e+00", "0.000e+00", "0.000e+00", "0.000e+00", "0.000e+00", "0.000e+00", "0.000e+00", "0.000e+00", "0.000e+00", "0.000e+00"], "verdict": "总判定: FAIL （49/50 项通过）", "secs": 16.0}, {"name": "C3_sympair_1e-04", "expect_red": false, "rc": 1, "red": {"T1": 9, "T2": 0, "T3": 0, "T4": 0}, "tot": {"T1": 10, "T2": 10, "T3": 20, "T4": 10}, "t4worst": ["0.000e+00", "0.000e+00", "0.000e+00", "0.000e+00", "0.000e+00", "0.000e+00", "0.000e+00", "0.000e+00", "0.000e+00", "0.000e+00"], "verdict": "总判定: FAIL （41/50 项通过）", "secs": 19.2}]
====================================================================================================
XFT4 JOB DONE rc=0
