node: <node-02>
====================================================================================================
AUDIT R1-b - cuDSS 专属分支的对称守卫缺口 | node: <node-02> | 注入相对量 AUD_MAG = 1e-2
torch 2.11.0+cu128 | NVIDIA GeForce RTX 5090
md5 dgga/solver.py 45b0b0eeb66ed4e15ef81c53809d229a
====================================================================================================

【P1 正品】
  Hanoi    捕获轮=8   max|data-data^T|=0.000e+00  迭代数相等=True [8]/[8]  max|dH|=2.132e-13 ft  梯度 cudss vs dense 相对差=3.564e-15
  Net3     捕获轮=10  max|data-data^T|=0.000e+00  迭代数相等=True [10]/[10]  max|dH|=4.064e-12 ft  梯度 cudss vs dense 相对差=3.228e-07
  Modena   捕获轮=14  max|data-data^T|=0.000e+00  迭代数相等=True [13, 14]/[13, 14]  max|dH|=7.461e-12 ft  梯度 cudss vs dense 相对差=2.247e-12
  ky4      捕获轮=7   max|data-data^T|=0.000e+00  迭代数相等=True [7]/[7]  max|dH|=3.577e-08 ft  梯度 cudss vs dense 相对差=4.382e-05
  regression_gpu.py（全量 40 项）: rc=0  总判定: PASS （40/40 项通过）

【P2 注入单侧写(仅 cudss 分支)】
  Hanoi    捕获轮=8   max|data-data^T|=1.180e-01  迭代数相等=True [8]/[8]  max|dH|=1.225e-01 ft  梯度 cudss vs dense 相对差=5.827e-15
  Net3     捕获轮=10  max|data-data^T|=2.712e-02  迭代数相等=True [10]/[10]  max|dH|=3.324e-01 ft  梯度 cudss vs dense 相对差=8.054e-08
  Modena   捕获轮=14  max|data-data^T|=4.463e-03  迭代数相等=True [13, 14]/[13, 14]  max|dH|=3.410e-01 ft  梯度 cudss vs dense 相对差=1.858e-12
  ky4      捕获轮=100  max|data-data^T|=1.445e-02  迭代数相等=False [7]/[100]  max|dH|=2.103e+00 ft  梯度 cudss vs dense 相对差=4.383e-05
  regression_gpu.py（全量 40 项）: rc=1  总判定: FAIL （38/40 项通过）

====================================================================================================
AUDSG2 JOB DONE rc=0
