<node-20>
NVIDIA GeForce RTX 5090, 32607 MiB
6fe6007c9d4bc7e5ddbac6f2f8135a4e  dgga/solver.py
cacc693cae31eeeeb3d946ce2e3dbcb6  dgga/autodiff.py
8dba97185a9937d97957262ef02bdc04  dgga/placement.py
620203cea41d916c5d000cf309a46a7e  scripts/augment_public.py
8e3009b8fd5e0b9d79e0c0d999cc6af9b2b4132d84d2cadc04e1bdf07086dc02  networks_prv/L-TOWN.inp
===== ltown-leak：论文 L-TOWN 反演原样重跑，传感器 = S0 ∪ S_k =====
INP networks_prv/L-TOWN.inp sha256=8e3009b8fd5e0b9d79e0c0d999cc6af9b2b4132d84d2cadc04e1bdf07086dc02；assemble=csr linear_solver=cudss chunk=256
L-TOWN Nj=782；候选 60 / 传感器 33 / 真值 [651, 137, 720]（C_true=1.5，Ke_int=1.5153e+04）；GPU NVIDIA GeForce RTX 5090
/data/run01/<user>/wdsgpu/hydrograd/augpub/dgga/solver.py:2460: UserWarning: Sparse invariant checks are implicitly disabled. Memory errors (e.g. SEGFAULT) will occur when operating on a sparse tensor which violates the invariants, but checks incur performance overhead. To silence this warning, explicitly opt in or out. See `torch.sparse.check_sparse_tensor_invariants.__doc__` for guidance.  (Triggered internally at /pytorch/aten/src/ATen/Context.cpp:760.)
  a_list = [torch.sparse_csr_tensor(ip, ii, vals[i], size=(Nj, Nj))
/data/run01/<user>/wdsgpu/hydrograd/augpub/dgga/solver.py:2460: UserWarning: Sparse CSR tensor support is in beta state. If you miss a functionality in the sparse tensor support, please submit a feature request to https://github.com/pytorch/pytorch/issues. (Triggered internally at /pytorch/aten/src/ATen/SparseCsrTensorImpl.cpp:49.)
  a_list = [torch.sparse_csr_tensor(ip, ii, vals[i], size=(Nj, Nj))
No multithreading interface library was specified using the DirectSolverOptions. The performance of CPU operations like planning will be significantly lower than if you provide a multithreading library.
  观测：conv=256/256 iters≤19 状态组=1 （6.6s，chunk=256）
  签名字典 [N=785, 60]：base iters=211 relerr=7.87e-08；33.2s

  [S0] 传感器 33：相干 max=0.9999999980 中位(全)=0.8258 中位(区内)=0.8713 >0.999 42 >0.99 174 正交对 275；真值劲敌 651:650@0.999965 137:129@0.999231 720:752@0.987024
    第 1 步 1.6s（loss=2.438914e-01，显存 39 MiB）→ 预计本组 1.6 min
    第 10 步 0.8s（loss=5.931510e-02，显存 39 MiB）→ 预计本组 0.9 min
    noiseless: loss 2.438914e-01 → 2.549019e-03（降 95.7x）top-5 n720=0.168(真)  n752=0.128  n330=0.124  n308=0.124  n296=0.123 | top-1 真=True top-3 全中=False (中 1/3) 真值 C=651:0.081(#19) 137:0.059(#32) 720:0.168(#1)  51s
    第 1 步 0.8s（loss=2.530371e-01，显存 39 MiB）→ 预计本组 0.8 min
    第 10 步 0.8s（loss=6.873695e-02，显存 39 MiB）→ 预计本组 0.8 min
    noisy    : loss 2.530371e-01 → 1.235506e-02（降 20.5x）top-5 n720=0.166(真)  n752=0.127  n330=0.123  n308=0.123  n296=0.123 | top-1 真=True top-3 全中=False (中 1/3) 真值 C=651:0.080(#19) 137:0.059(#32) 720:0.166(#1)  48s

  [dopt+5] 传感器 38：相干 max=0.9999999981 中位(全)=0.8248 中位(区内)=0.8678 >0.999 40 >0.99 171 正交对 275；真值劲敌 651:650@0.999965 137:155@0.998821 720:752@0.987083
    第 1 步 0.8s（loss=2.194808e-01，显存 39 MiB）→ 预计本组 0.8 min
    第 10 步 0.8s（loss=5.315302e-02，显存 39 MiB）→ 预计本组 0.8 min
    noiseless: loss 2.194808e-01 → 2.353873e-03（降 93.2x）top-5 n720=0.166(真)  n752=0.126  n330=0.123  n308=0.123  n329=0.122 | top-1 真=True top-3 全中=False (中 1/3) 真值 C=651:0.080(#19) 137:0.062(#31) 720:0.166(#1)  47s
    第 1 步 0.8s（loss=2.286223e-01，显存 39 MiB）→ 预计本组 0.8 min
    第 10 步 0.8s（loss=6.254876e-02，显存 39 MiB）→ 预计本组 0.8 min
    noisy    : loss 2.286223e-01 → 1.208651e-02（降 18.9x）top-5 n720=0.163(真)  n752=0.126  n330=0.122  n308=0.122  n296=0.122 | top-1 真=True top-3 全中=False (中 1/3) 真值 C=651:0.080(#19) 137:0.062(#32) 720:0.163(#1)  47s

  [dopt+10] 传感器 43：相干 max=0.9999999982 中位(全)=0.8260 中位(区内)=0.8716 >0.999 40 >0.99 171 正交对 275；真值劲敌 651:650@0.999966 137:140@0.998797 720:752@0.987094
    第 1 步 0.8s（loss=2.077303e-01，显存 39 MiB）→ 预计本组 0.8 min
    第 10 步 0.8s（loss=4.978275e-02，显存 39 MiB）→ 预计本组 0.8 min
    noiseless: loss 2.077303e-01 → 2.212384e-03（降 93.9x）top-5 n720=0.164(真)  n752=0.126  n330=0.123  n329=0.122  n308=0.122 | top-1 真=True top-3 全中=False (中 1/3) 真值 C=651:0.080(#19) 137:0.062(#32) 720:0.164(#1)  48s
    第 1 步 0.8s（loss=2.170755e-01，显存 39 MiB）→ 预计本组 0.8 min
    第 10 步 0.8s（loss=5.931013e-02，显存 39 MiB）→ 预计本组 0.8 min
    noisy    : loss 2.170755e-01 → 1.198251e-02（降 18.1x）top-5 n720=0.163(真)  n752=0.126  n330=0.123  n308=0.122  n329=0.122 | top-1 真=True top-3 全中=False (中 1/3) 真值 C=651:0.080(#19) 137:0.062(#32) 720:0.163(#1)  47s

  [dopt+20] 传感器 53：相干 max=0.9999999983 中位(全)=0.8262 中位(区内)=0.8704 >0.999 41 >0.99 174 正交对 275；真值劲敌 651:650@0.999967 137:155@0.998912 720:752@0.987117
    第 1 步 0.8s（loss=1.890758e-01，显存 39 MiB）→ 预计本组 0.8 min
    第 10 步 0.8s（loss=4.542418e-02，显存 39 MiB）→ 预计本组 0.8 min
    noiseless: loss 1.890758e-01 → 2.095713e-03（降 90.2x）top-5 n720=0.162(真)  n752=0.125  n330=0.123  n329=0.122  n308=0.121 | top-1 真=True top-3 全中=False (中 1/3) 真值 C=651:0.079(#19) 137:0.065(#30) 720:0.162(#1)  48s
    第 1 步 0.8s（loss=1.988293e-01，显存 39 MiB）→ 预计本组 0.8 min
    第 10 步 0.8s（loss=5.515868e-02，显存 39 MiB）→ 预计本组 0.8 min
    noisy    : loss 1.988293e-01 → 1.186050e-02（降 16.8x）top-5 n720=0.161(真)  n752=0.125  n330=0.124  n329=0.123  n308=0.122 | top-1 真=True top-3 全中=False (中 1/3) 真值 C=651:0.079(#19) 137:0.064(#30) 720:0.161(#1)  48s

  [dopt+40] 传感器 73：相干 max=0.9999999982 中位(全)=0.8281 中位(区内)=0.8682 >0.999 43 >0.99 175 正交对 275；真值劲敌 651:650@0.999966 137:155@0.998878 720:752@0.975903
    第 1 步 0.8s（loss=1.952763e-01，显存 39 MiB）→ 预计本组 0.8 min
    第 10 步 0.8s（loss=5.179378e-02，显存 39 MiB）→ 预计本组 0.8 min
    noiseless: loss 1.952763e-01 → 3.264438e-03（降 59.8x）top-5 n720=0.252(真)  n752=0.132  n330=0.130  n329=0.129  n308=0.127 | top-1 真=True top-3 全中=False (中 1/3) 真值 C=651:0.086(#19) 137:0.063(#30) 720:0.252(#1)  48s
    第 1 步 0.8s（loss=2.053243e-01，显存 39 MiB）→ 预计本组 0.8 min
    第 10 步 0.8s（loss=6.172706e-02，显存 39 MiB）→ 预计本组 0.8 min
    noisy    : loss 2.053243e-01 → 1.308704e-02（降 15.7x）top-5 n720=0.252(真)  n752=0.133  n330=0.131  n329=0.129  n308=0.127 | top-1 真=True top-3 全中=False (中 1/3) 真值 C=651:0.086(#19) 137:0.063(#31) 720:0.252(#1)  48s

  [dopt+80] 传感器 113：相干 max=0.9999999978 中位(全)=0.8243 中位(区内)=0.8662 >0.999 44 >0.99 163 正交对 275；真值劲敌 651:650@0.999917 137:155@0.998560 720:752@0.979883
    第 1 步 0.8s（loss=2.140441e-01，显存 39 MiB）→ 预计本组 0.8 min
    第 10 步 0.8s（loss=5.750534e-02，显存 39 MiB）→ 预计本组 0.8 min
    noiseless: loss 2.140441e-01 → 3.344155e-03（降 64.0x）top-5 n720=0.211(真)  n752=0.129  n308=0.124  n296=0.123  n330=0.123 | top-1 真=True top-3 全中=False (中 1/3) 真值 C=651:0.088(#19) 137:0.065(#29) 720:0.211(#1)  48s
    第 1 步 0.8s（loss=2.237452e-01，显存 39 MiB）→ 预计本组 0.8 min
    第 10 步 0.8s（loss=6.733895e-02，显存 39 MiB）→ 预计本组 0.8 min
    noisy    : loss 2.237452e-01 → 1.326947e-02（降 16.9x）top-5 n720=0.211(真)  n752=0.129  n308=0.124  n330=0.124  n296=0.124 | top-1 真=True top-3 全中=False (中 1/3) 真值 C=651:0.088(#19) 137:0.064(#29) 720:0.211(#1)  48s

  [cover+5] 传感器 38：相干 max=0.9999999979 中位(全)=0.8252 中位(区内)=0.8737 >0.999 41 >0.99 170 正交对 275；真值劲敌 651:650@0.999966 137:129@0.999204 720:752@0.987772
    第 1 步 0.8s（loss=2.369752e-01，显存 39 MiB）→ 预计本组 0.8 min
    第 10 步 0.8s（loss=5.588219e-02，显存 39 MiB）→ 预计本组 0.8 min
    noiseless: loss 2.369752e-01 → 2.337532e-03（降 101.4x）top-5 n720=0.164(真)  n752=0.128  n330=0.125  n308=0.124  n329=0.124 | top-1 真=True top-3 全中=False (中 1/3) 真值 C=651:0.080(#19) 137:0.058(#32) 720:0.164(#1)  47s
    第 1 步 0.8s（loss=2.462214e-01，显存 39 MiB）→ 预计本组 0.8 min
    第 10 步 0.8s（loss=6.541460e-02，显存 39 MiB）→ 预计本组 0.8 min
    noisy    : loss 2.462214e-01 → 1.221419e-02（降 20.2x）top-5 n720=0.162(真)  n752=0.127  n330=0.124  n308=0.124  n296=0.123 | top-1 真=True top-3 全中=False (中 1/3) 真值 C=651:0.079(#19) 137:0.058(#32) 720:0.162(#1)  47s

  [cover+10] 传感器 43：相干 max=0.9999965042 中位(全)=0.8304 中位(区内)=0.8807 >0.999 37 >0.99 153 正交对 275；真值劲敌 651:650@0.999966 137:129@0.999289 720:752@0.988826
    第 1 步 0.8s（loss=2.363614e-01，显存 39 MiB）→ 预计本组 0.8 min
    第 10 步 0.8s（loss=5.419114e-02，显存 39 MiB）→ 预计本组 0.8 min
    noiseless: loss 2.363614e-01 → 2.212137e-03（降 106.8x）top-5 n720=0.160(真)  n752=0.128  n330=0.125  n308=0.125  n329=0.124 | top-1 真=True top-3 全中=False (中 1/3) 真值 C=651:0.080(#19) 137:0.057(#32) 720:0.160(#1)  47s
    第 1 步 0.8s（loss=2.458742e-01，显存 39 MiB）→ 预计本组 0.8 min
    第 10 步 0.8s（loss=6.389400e-02，显存 39 MiB）→ 预计本组 0.8 min
    noisy    : loss 2.458742e-01 → 1.218560e-02（降 20.2x）top-5 n720=0.158(真)  n752=0.128  n330=0.124  n308=0.124  n296=0.124 | top-1 真=True top-3 全中=False (中 1/3) 真值 C=651:0.080(#19) 137:0.057(#32) 720:0.158(#1)  47s

  [cover+20] 传感器 53：相干 max=0.9999970040 中位(全)=0.8200 中位(区内)=0.8627 >0.999 38 >0.99 141 正交对 275；真值劲敌 651:223@0.999860 137:129@0.999362 720:752@0.982529
    第 1 步 0.8s（loss=2.416282e-01，显存 39 MiB）→ 预计本组 0.8 min
    第 10 步 0.8s（loss=5.926168e-02，显存 39 MiB）→ 预计本组 0.8 min
    noiseless: loss 2.416282e-01 → 3.030691e-03（降 79.7x）top-5 n720=0.192(真)  n752=0.129  n308=0.125  n330=0.125  n296=0.125 | top-1 真=True top-3 全中=False (中 1/3) 真值 C=651:0.089(#19) 137:0.055(#32) 720:0.192(#1)  47s
    第 1 步 0.8s（loss=2.509228e-01，显存 39 MiB）→ 预计本组 0.8 min
    第 10 步 0.8s（loss=6.885545e-02，显存 39 MiB）→ 预计本组 0.8 min
    noisy    : loss 2.509228e-01 → 1.306277e-02（降 19.2x）top-5 n720=0.189(真)  n752=0.128  n308=0.125  n330=0.124  n296=0.124 | top-1 真=True top-3 全中=False (中 1/3) 真值 C=651:0.089(#19) 137:0.055(#32) 720:0.189(#1)  48s

  [cover+40] 传感器 73：相干 max=0.9999517585 中位(全)=0.8132 中位(区内)=0.8567 >0.999 31 >0.99 129 正交对 275；真值劲敌 651:223@0.999849 137:155@0.999175 720:752@0.983366
    第 1 步 0.8s（loss=2.114096e-01，显存 39 MiB）→ 预计本组 0.8 min
    第 10 步 0.8s（loss=5.205326e-02，显存 39 MiB）→ 预计本组 0.8 min
    noiseless: loss 2.114096e-01 → 2.673902e-03（降 79.1x）top-5 n720=0.170(真)  n752=0.121  n330=0.118  n308=0.118  n329=0.118 | top-1 真=True top-3 全中=False (中 1/3) 真值 C=651:0.089(#19) 137:0.057(#32) 720:0.170(#1)  47s
    第 1 步 0.8s（loss=2.210683e-01，显存 39 MiB）→ 预计本组 0.8 min
    第 10 步 0.8s（loss=6.186104e-02，显存 39 MiB）→ 预计本组 0.8 min
    noisy    : loss 2.210683e-01 → 1.269382e-02（降 17.4x）top-5 n720=0.168(真)  n752=0.121  n330=0.118  n308=0.118  n329=0.117 | top-1 真=True top-3 全中=False (中 1/3) 真值 C=651:0.089(#19) 137:0.057(#32) 720:0.168(#1)  47s

  [cover+80] 传感器 113：相干 max=0.9999602800 中位(全)=0.8161 中位(区内)=0.8618 >0.999 30 >0.99 137 正交对 275；真值劲敌 651:223@0.999859 137:155@0.999057 720:752@0.976499
    第 1 步 0.8s（loss=1.927009e-01，显存 39 MiB）→ 预计本组 0.8 min
    第 10 步 0.8s（loss=4.997330e-02，显存 39 MiB）→ 预计本组 0.8 min
    noiseless: loss 1.927009e-01 → 3.102753e-03（降 62.1x）top-5 n720=0.226(真)  n752=0.125  n330=0.123  n329=0.122  n308=0.120 | top-1 真=True top-3 全中=False (中 1/3) 真值 C=651:0.084(#19) 137:0.064(#28) 720:0.226(#1)  47s
    第 1 步 0.8s（loss=2.026691e-01，显存 39 MiB）→ 预计本组 0.8 min
    第 10 步 0.8s（loss=5.994816e-02，显存 39 MiB）→ 预计本组 0.8 min
    noisy    : loss 2.026691e-01 → 1.309173e-02（降 15.5x）top-5 n720=0.226(真)  n752=0.125  n330=0.124  n329=0.122  n308=0.120 | top-1 真=True top-3 全中=False (中 1/3) 真值 C=651:0.084(#19) 137:0.064(#27) 720:0.226(#1)  47s
ltown-leak 完成：/data/run01/<user>/wdsgpu/hydrograd/augpub/data/ltown_augment_leak.json
LTLEAK JOB DONE rc=0
