NVIDIA GeForce RTX 5090, 32607 MiB
node: <node-01> | cpus: 8
/data/run01/<user>/wdsgpu/hgaudit/dgga/solver.py:2016: UserWarning: Sparse invariant checks are implicitly disabled. Memory errors (e.g. SEGFAULT) will occur when operating on a sparse tensor which violates the invariants, but checks incur performance overhead. To silence this warning, explicitly opt in or out. See `torch.sparse.check_sparse_tensor_invariants.__doc__` for guidance.  (Triggered internally at /pytorch/aten/src/ATen/Context.cpp:760.)
  a_list = [torch.sparse_csr_tensor(ip, ii, vals[i], size=(Nj, Nj))
/data/run01/<user>/wdsgpu/hgaudit/dgga/solver.py:2016: UserWarning: Sparse CSR tensor support is in beta state. If you miss a functionality in the sparse tensor support, please submit a feature request to https://github.com/pytorch/pytorch/issues. (Triggered internally at /pytorch/aten/src/ATen/SparseCsrTensorImpl.cpp:49.)
  a_list = [torch.sparse_csr_tensor(ip, ii, vals[i], size=(Nj, Nj))
node: <node-01> | torch 2.11.0+cu128 | dev NVIDIA GeForce RTX 5090 | nvmath 1.0.0
solver.py md5: 45b0b0eeb66ed4e15ef81c53809d229a

----------------------------------------------------------------------
Hanoi  B=1  K=20  Nj=31  nnz=97  active emitters=5
   param d
      analytic  cudss -1.210773070553e+00 | dense -1.210773070553e+00 | rel 4.035e-14
      h          fd(h)                  rel(cudss)  rel(dense) 
      1e-02      -1.210773041407e+00  2.407e-08   2.407e-08
      3e-03      -1.210773068086e+00  2.038e-09   2.038e-09  (rich -1.210773076979e+00)
      1e-03      -1.210773072671e+00  1.749e-09   1.749e-09  (rich -1.210773074200e+00)
      3e-04      -1.210773065926e+00  3.822e-09   3.822e-09  (rich -1.210773063677e+00)
      1e-04      -1.210773071989e+00  1.186e-09   1.186e-09  (rich -1.210773074010e+00)
      3e-05      -1.210773090558e+00  1.652e-08   1.652e-08  (rich -1.210773096747e+00)
      1e-05      -1.210773007188e+00  5.233e-08   5.233e-08  (rich -1.210772979397e+00)
      1e-06      -1.210773461935e+00  3.232e-07   3.232e-07  (rich -1.210773613517e+00)
   param rh
      analytic  cudss +1.222623234298e+00 | dense +1.222623234298e+00 | rel 2.361e-15
      h          fd(h)                  rel(cudss)  rel(dense) 
      1e-02      +1.222623234264e+00  2.787e-11   2.787e-11
      3e-03      +1.222623233881e+00  3.409e-10   3.409e-10  (rich +1.222623233754e+00)
      1e-03      +1.222623233843e+00  3.719e-10   3.719e-10  (rich +1.222623233831e+00)
      3e-04      +1.222623232782e+00  1.240e-09   1.240e-09  (rich +1.222623232429e+00)
      1e-04      +1.222623230888e+00  2.790e-09   2.790e-09  (rich +1.222623230256e+00)
      3e-05      +1.222623275983e+00  3.409e-08   3.409e-08  (rich +1.222623291015e+00)
      1e-05      +1.222623347985e+00  9.299e-08   9.299e-08  (rich +1.222623371986e+00)
      1e-06      +1.222623495778e+00  2.139e-07   2.139e-07  (rich +1.222623545042e+00)
   param ke
      analytic  cudss -3.052748045777e+03 | dense -3.052748045777e+03 | rel 1.594e-14
      h          fd(h)                  rel(cudss)  rel(dense) 
      1e-02      +2.123004956398e+04  1.144e+00   1.144e+00
      3e-03      +2.888742139292e+04  1.106e+00   1.106e+00  (rich +3.143987866924e+04)
      1e-03      -2.213991233349e+03  3.788e-01   3.788e-01  (rich -1.258112877544e+04)
      3e-04      -2.986955403356e+03  2.203e-02   2.203e-02  (rich -3.244610126692e+03)
      1e-04      -3.045530341128e+03  2.370e-03   2.370e-03  (rich -3.065055320386e+03)
      3e-05      -3.052099393877e+03  2.125e-04   2.125e-04  (rich -3.054289078127e+03)
      1e-05      -3.052675982508e+03  2.361e-05   2.361e-05  (rich -3.052868178718e+03)
      1e-06      -3.052747325796e+03  2.358e-07   2.358e-07  (rich -3.052771106892e+03)
   param r
      analytic  cudss -6.662289649985e+00 | dense -6.662289649985e+00 | rel 8.865e-14
      h          fd(h)                  rel(cudss)  rel(dense) 
      1e-02      -6.662255391450e+00  5.142e-06   5.142e-06
      3e-03      -6.662286567045e+00  4.627e-07   4.627e-07  (rich -6.662296958910e+00)
      1e-03      -6.662289308906e+00  5.120e-08   5.120e-08  (rich -6.662290222860e+00)
      3e-04      -6.662289616012e+00  5.099e-09   5.099e-09  (rich -6.662289718381e+00)
      1e-04      -6.662289637234e+00  1.914e-09   1.914e-09  (rich -6.662289644308e+00)
      3e-05      -6.662289634581e+00  2.312e-09   2.312e-09  (rich -6.662289633697e+00)
      1e-05      -6.662289797532e+00  2.215e-08   2.215e-08  (rich -6.662289851849e+00)
      1e-06      -6.662288683401e+00  1.451e-07   1.451e-07  (rich -6.662288312024e+00)

----------------------------------------------------------------------
Hanoi  B=8  K=20  Nj=31  nnz=97  active emitters=5
   param d
      analytic  cudss +2.549243926690e-01 | dense +2.549243926690e-01 | rel 6.250e-14
      h          fd(h)                  rel(cudss)  rel(dense) 
      1e-02      +2.549243901512e-01  9.877e-09   9.877e-09
      3e-03      +2.549243923416e-01  1.284e-09   1.284e-09  (rich +2.549243930717e-01)
      1e-03      +2.549243895373e-01  1.228e-08   1.228e-08  (rich +2.549243886026e-01)
      3e-04      +2.549243928722e-01  7.968e-10   7.967e-10  (rich +2.549243939838e-01)
      1e-04      +2.549243868089e-01  2.299e-08   2.299e-08  (rich +2.549243847878e-01)
      3e-05      +2.549243466395e-01  1.806e-07   1.806e-07  (rich +2.549243332497e-01)
      1e-05      +2.549241116867e-01  1.102e-06   1.102e-06  (rich +2.549240333691e-01)
      1e-06      +2.549229520810e-01  5.651e-06   5.651e-06  (rich +2.549225655457e-01)
   param rh
      analytic  cudss +9.758581632839e-01 | dense +9.758581632839e-01 | rel 2.162e-15
      h          fd(h)                  rel(cudss)  rel(dense) 
      1e-02      +9.758581633378e-01  5.522e-11   5.522e-11
      3e-03      +9.758581642624e-01  1.003e-09   1.003e-09  (rich +9.758581645706e-01)
      1e-03      +9.758581632013e-01  8.458e-11   8.458e-11  (rich +9.758581628476e-01)
      3e-04      +9.758581594118e-01  3.968e-09   3.968e-09  (rich +9.758581581486e-01)
      1e-04      +9.758581768438e-01  1.390e-08   1.390e-08  (rich +9.758581826544e-01)
      3e-05      +9.758582109498e-01  4.885e-08   4.885e-08  (rich +9.758582223185e-01)
      1e-05      +9.758579381014e-01  2.308e-07   2.308e-07  (rich +9.758578471519e-01)
      1e-06      +9.758584837982e-01  3.284e-07   3.284e-07  (rich +9.758586656972e-01)
   param ke
      analytic  cudss +1.370472579499e+05 | dense +1.370472579499e+05 | rel 1.274e-15
      h          fd(h)                  rel(cudss)  rel(dense) 
      1e-02      -1.010509766983e+05  2.356e+00   2.356e+00
      3e-03      +1.609722073097e+05  1.486e-01   1.486e-01  (rich +2.483132686456e+05)
      1e-03      +1.392855247865e+05  1.607e-02   1.607e-02  (rich +1.320566306121e+05)
      3e-04      +1.372452330154e+05  1.442e-03   1.442e-03  (rich +1.365651357584e+05)
      1e-04      +1.370692220001e+05  1.602e-04   1.602e-04  (rich +1.370105516616e+05)
      3e-05      +1.370492343754e+05  1.442e-05   1.442e-05  (rich +1.370425718338e+05)
      1e-05      +1.370474775494e+05  1.602e-06   1.602e-06  (rich +1.370468919407e+05)
      1e-06      +1.370472601466e+05  1.603e-08   1.603e-08  (rich +1.370471876790e+05)
   param r
      analytic  cudss -7.232303683988e+01 | dense -7.232303683988e+01 | rel 9.825e-15
      h          fd(h)                  rel(cudss)  rel(dense) 
      1e-02      -7.232330671015e+01  3.731e-06   3.731e-06
      3e-03      -7.232306113209e+01  3.359e-07   3.359e-07  (rich -7.232297927273e+01)
      1e-03      -7.232303954356e+01  3.738e-08   3.738e-08  (rich -7.232303234739e+01)
      3e-04      -7.232303708027e+01  3.324e-09   3.324e-09  (rich -7.232303625917e+01)
      1e-04      -7.232303687033e+01  4.210e-10   4.210e-10  (rich -7.232303680035e+01)
      3e-05      -7.232303682940e+01  1.449e-10   1.449e-10  (rich -7.232303681576e+01)
      1e-05      -7.232303651108e+01  4.546e-09   4.546e-09  (rich -7.232303640497e+01)
      1e-06      -7.232303778437e+01  1.306e-08   1.306e-08  (rich -7.232303820880e+01)

----------------------------------------------------------------------
Net3  B=1  K=20  Nj=92  nnz=320  active emitters=15
   param d
      analytic  cudss -1.036403822243e+00 | dense -1.036403822371e+00 | rel 1.239e-10
      h          fd(h)                  rel(cudss)  rel(dense) 
      1e-02      -1.036368746315e+00  3.385e-05   3.385e-05
      3e-03      -1.036432926829e+00  2.808e-05   2.808e-05  (rich -1.036454320333e+00)
      1e-03      -1.035734560958e+00  6.462e-04   6.462e-04  (rich -1.035501772334e+00)
      3e-04      -1.037343135503e+00  9.055e-04   9.055e-04  (rich -1.037879327018e+00)
      1e-04      -1.039178558244e+00  2.670e-03   2.670e-03  (rich -1.039790365825e+00)
      3e-05      -1.045163373684e+00  8.381e-03   8.381e-03  (rich -1.047158312165e+00)
      1e-05      -1.029083168191e+00  7.114e-03   7.114e-03  (rich -1.023723099694e+00)
      1e-06      -9.895456116737e-01  4.735e-02   4.735e-02  (rich -9.763664261679e-01)
   param rh
      analytic  cudss -2.203932366145e+00 | dense -2.203932364684e+00 | rel 6.628e-10
      h          fd(h)                  rel(cudss)  rel(dense) 
      1e-02      -2.204012735982e+00  3.647e-05   3.647e-05
      3e-03      -2.204070135093e+00  6.251e-05   6.251e-05  (rich -2.204089268130e+00)
      1e-03      -2.204149321528e+00  9.843e-05   9.843e-05  (rich -2.204175717007e+00)
      3e-04      -2.204077423661e+00  6.581e-05   6.581e-05  (rich -2.204053457705e+00)
      1e-04      -2.197758279294e+00  2.809e-03   2.809e-03  (rich -2.195651897839e+00)
      3e-05      -2.199863989934e+00  1.849e-03   1.849e-03  (rich -2.200565893481e+00)
      1e-05      -2.198504159878e+00  2.469e-03   2.469e-03  (rich -2.198050883193e+00)
      1e-06      -2.210013292370e+00  2.752e-03   2.752e-03  (rich -2.213849669867e+00)
   param ke
      analytic  cudss -9.228221536334e+02 | dense -9.228221558720e+02 | rel 2.426e-09
      h          fd(h)                  rel(cudss)  rel(dense) 
      1e-02      -4.762212925418e+03  8.062e-01   8.062e-01
      3e-03      +1.322468494959e+04  1.070e+00   1.070e+00  (rich +1.922031757459e+04)
      1e-03      -9.991327110880e+02  7.638e-02   7.638e-02  (rich -5.740405264647e+03)
      3e-04      -9.289322158327e+02  6.578e-03   6.578e-03  (rich -9.055320507476e+02)
      1e-04      -9.234984503533e+02  7.323e-04   7.323e-04  (rich -9.216871951935e+02)
      3e-05      -9.228642412590e+02  4.561e-05   4.560e-05  (rich -9.226528382275e+02)
      1e-05      -9.227413687256e+02  8.755e-05   8.755e-05  (rich -9.227004112145e+02)
      1e-06      -9.227682780022e+02  5.838e-05   5.839e-05  (rich -9.227772477611e+02)
   param r
      analytic  cudss -8.959727443463e-01 | dense -8.959727539598e-01 | rel 1.073e-08
      h          fd(h)                  rel(cudss)  rel(dense) 
      1e-02      -8.960530528356e-01  8.962e-05   8.961e-05
      3e-03      -8.958315355774e-01  1.576e-04   1.576e-04  (rich -8.957576964914e-01)
      1e-03      -8.967860330813e-01  9.069e-04   9.069e-04  (rich -8.971041989159e-01)
      3e-04      -8.977170325390e-01  1.943e-03   1.943e-03  (rich -8.980273656915e-01)
      1e-04      -8.880729072303e-01  8.895e-03   8.895e-03  (rich -8.848581987940e-01)
      3e-05      -9.058642234550e-01  1.092e-02   1.092e-02  (rich -9.117946621965e-01)
      1e-05      -9.126271919513e-01  1.825e-02   1.825e-02  (rich -9.148815147834e-01)
      1e-06      -8.167804139703e-01  9.696e-02   9.696e-02  (rich -7.848314879766e-01)

----------------------------------------------------------------------
Net3  B=8  K=20  Nj=92  nnz=320  active emitters=23
   param d
      analytic  cudss -6.832533043191e-01 | dense -6.832533043516e-01 | rel 4.750e-11
      h          fd(h)                  rel(cudss)  rel(dense) 
      1e-02      -6.823706152318e-01  1.294e-03   1.294e-03
      3e-03      -6.832319738805e-01  3.122e-05   3.122e-05  (rich -6.835190934301e-01)
      1e-03      -6.837355023208e-01  7.052e-04   7.052e-04  (rich -6.839033451342e-01)
      3e-04      -6.815305137782e-01  2.528e-03   2.528e-03  (rich -6.807955175974e-01)
      1e-04      -6.791953160246e-01  5.975e-03   5.975e-03  (rich -6.784169167733e-01)
      3e-05      -6.649074483297e-01  2.759e-02   2.759e-02  (rich -6.601448257647e-01)
      1e-05      -9.869238851934e-01  3.077e-01   3.077e-01  (rich -1.094262697481e+00)
      1e-06      -4.598252871801e-01  4.859e-01   4.859e-01  (rich -2.841257545091e-01)
   param rh
      analytic  cudss +2.107508612761e+00 | dense +2.107508610051e+00 | rel 1.286e-09
      h          fd(h)                  rel(cudss)  rel(dense) 
      1e-02      +2.108047287231e+00  2.555e-04   2.555e-04
      3e-03      +2.108561299565e+00  4.992e-04   4.992e-04  (rich +2.108732637009e+00)
      1e-03      +2.110626273293e+00  1.477e-03   1.477e-03  (rich +2.111314597869e+00)
      3e-04      +2.119626054006e+00  5.717e-03   5.717e-03  (rich +2.122625980911e+00)
      1e-04      +2.115505445772e+00  3.780e-03   3.780e-03  (rich +2.114131909694e+00)
      3e-05      +2.300592120719e+00  8.393e-02   8.393e-02  (rich +2.362287679034e+00)
      1e-05      +2.056559571884e+00  2.477e-02   2.477e-02  (rich +1.975215388939e+00)
      1e-06      +2.497164132365e+00  1.560e-01   1.560e-01  (rich +2.644032319192e+00)
   param ke
      analytic  cudss +1.309148446343e+04 | dense +1.309148445996e+04 | rel 2.652e-10
      h          fd(h)                  rel(cudss)  rel(dense) 
      1e-02      -2.912814760514e+04  1.449e+00   1.449e+00
      3e-03      +1.427313096775e+04  8.279e-02   8.279e-02  (rich +2.874022382538e+04)
      1e-03      +1.320997470871e+04  8.970e-03   8.970e-03  (rich +1.285558928903e+04)
      3e-04      +1.310111633102e+04  7.352e-04   7.352e-04  (rich +1.306483020512e+04)
      1e-04      +1.309171601981e+04  1.769e-05   1.769e-05  (rich +1.308858258275e+04)
      3e-05      +1.309126646727e+04  1.665e-05   1.665e-05  (rich +1.309111661642e+04)
      1e-05      +1.309166990255e+04  1.416e-05   1.416e-05  (rich +1.309180438098e+04)
      1e-06      +1.309623265911e+04  3.626e-04   3.626e-04  (rich +1.309775357796e+04)
   param r
      analytic  cudss +4.023635399418e+00 | dense +4.023635393872e+00 | rel 1.379e-09
      h          fd(h)                  rel(cudss)  rel(dense) 
      1e-02      +4.023629157859e+00  1.551e-06   1.550e-06
      3e-03      +4.025226422262e+00  3.953e-04   3.953e-04  (rich +4.025758843730e+00)
      1e-03      +4.026070697819e+00  6.049e-04   6.049e-04  (rich +4.026352123004e+00)
      3e-04      +3.992084081498e+00  7.903e-03   7.903e-03  (rich +3.980755209391e+00)
      1e-04      +4.016783368570e+00  1.706e-03   1.706e-03  (rich +4.025016464261e+00)
      3e-05      +4.025851971316e+00  5.506e-04   5.506e-04  (rich +4.028874838898e+00)
      1e-05      +4.298079284126e+00  6.385e-02   6.385e-02  (rich +4.388821721730e+00)
      1e-06      +8.420529866271e+00  5.222e-01   5.222e-01  (rich +9.794680060319e+00)

----------------------------------------------------------------------
Modena  B=1  K=20  Nj=268  nnz=894  active emitters=62
   param d
      analytic  cudss +3.649784492154e+01 | dense +3.649784492153e+01 | rel 3.639e-13
      h          fd(h)                  rel(cudss)  rel(dense) 
      1e-02      +3.649726554559e+01  1.587e-05   1.587e-05
      3e-03      +3.649779257557e+01  1.434e-06   1.434e-06  (rich +3.649796825224e+01)
      1e-03      +3.649783910123e+01  1.595e-07   1.595e-07  (rich +3.649785460978e+01)
      3e-04      +3.649784440010e+01  1.429e-08   1.429e-08  (rich +3.649784616639e+01)
      1e-04      +3.649784487152e+01  1.370e-09   1.370e-09  (rich +3.649784502866e+01)
      3e-05      +3.649784486394e+01  1.578e-09   1.578e-09  (rich +3.649784486141e+01)
      1e-05      +3.649784516710e+01  6.728e-09   6.729e-09  (rich +3.649784526816e+01)
      1e-06      +3.649784457593e+01  9.469e-09   9.469e-09  (rich +3.649784437888e+01)
   param rh
      analytic  cudss +1.955589929273e+00 | dense +1.955589929273e+00 | rel 2.271e-15
      h          fd(h)                  rel(cudss)  rel(dense) 
      1e-02      +1.955589929275e+00  1.107e-12   1.105e-12
      3e-03      +1.955589928305e+00  4.950e-10   4.950e-10  (rich +1.955589927982e+00)
      1e-03      +1.955589932550e+00  1.675e-09   1.675e-09  (rich +1.955589933964e+00)
      3e-04      +1.955589928002e+00  6.500e-10   6.500e-10  (rich +1.955589926486e+00)
      1e-04      +1.955589946192e+00  8.651e-09   8.651e-09  (rich +1.955589952255e+00)
      3e-05      +1.955589899201e+00  1.538e-08   1.538e-08  (rich +1.955589883538e+00)
      1e-05      +1.955589868885e+00  3.088e-08   3.088e-08  (rich +1.955589858780e+00)
      1e-06      +1.955585048563e+00  2.496e-06   2.496e-06  (rich +1.955583441789e+00)
   param ke
      analytic  cudss +1.268078548217e+03 | dense +1.268078548217e+03 | rel 5.917e-15
      h          fd(h)                  rel(cudss)  rel(dense) 
      1e-02      -8.615603780419e+03  1.147e+00   1.147e+00
      3e-03      +1.313933211509e+03  3.490e-02   3.490e-02  (rich +4.623778875484e+03)
      1e-03      +1.269495038820e+03  1.116e-03   1.116e-03  (rich +1.254682314590e+03)
      3e-04      +1.268200983665e+03  9.654e-05   9.654e-05  (rich +1.267769631947e+03)
      1e-04      +1.268092106666e+03  1.069e-05   1.069e-05  (rich +1.268055814333e+03)
      3e-05      +1.268079767942e+03  9.619e-07   9.619e-07  (rich +1.268075655034e+03)
      1e-05      +1.268078683779e+03  1.069e-07   1.069e-07  (rich +1.268078322391e+03)
      1e-06      +1.268078551220e+03  2.368e-09   2.368e-09  (rich +1.268078507034e+03)
   param r
      analytic  cudss -6.157858343311e-02 | dense -6.157858343309e-02 | rel 2.913e-13
      h          fd(h)                  rel(cudss)  rel(dense) 
      1e-02      -6.157858342704e-02  9.868e-11   9.839e-11
      3e-03      -6.157858297229e-02  7.484e-09   7.483e-09  (rich -6.157858282071e-02)
      1e-03      -6.157858160805e-02  2.964e-08   2.964e-08  (rich -6.157858115330e-02)
      3e-04      -6.157859540205e-02  1.944e-07   1.944e-07  (rich -6.157860000005e-02)
      1e-04      -6.157861207612e-02  4.651e-07   4.651e-07  (rich -6.157861763414e-02)
      3e-05      -6.157853628489e-02  7.657e-07   7.657e-07  (rich -6.157851102115e-02)
      1e-05      -6.157893039926e-02  5.634e-06   5.634e-06  (rich -6.157906177072e-02)
      1e-06      -6.157779353089e-02  1.283e-05   1.283e-05  (rich -6.157741457476e-02)

----------------------------------------------------------------------
Modena  B=8  K=20  Nj=268  nnz=894  active emitters=51
   param d
      analytic  cudss +2.380842541482e+01 | dense +2.380842535197e+01 | rel 2.640e-09
      h          fd(h)                  rel(cudss)  rel(dense) 
      1e-02      +2.380800212268e+01  1.778e-05   1.778e-05
      3e-03      +2.380838719402e+01  1.605e-06   1.603e-06  (rich +2.380851555113e+01)
      1e-03      +2.380842157822e+01  1.611e-07   1.585e-07  (rich +2.380843303963e+01)
      3e-04      +2.380842494783e+01  1.961e-08   1.697e-08  (rich +2.380842607103e+01)
      1e-04      +2.380842484854e+01  2.379e-08   2.114e-08  (rich +2.380842481544e+01)
      3e-05      +2.380841985238e+01  2.336e-07   2.310e-07  (rich +2.380841818700e+01)
      1e-05      +2.380841731338e+01  3.403e-07   3.376e-07  (rich +2.380841646704e+01)
      1e-06      +2.380847377026e+01  2.031e-06   2.034e-06  (rich +2.380849258922e+01)
   param rh
      analytic  cudss +5.832080935701e-01 | dense +5.832080935701e-01 | rel 2.989e-14
      h          fd(h)                  rel(cudss)  rel(dense) 
      1e-02      +5.832080795699e-01  2.401e-08   2.401e-08
      3e-03      +5.832080790545e-01  2.489e-08   2.489e-08  (rich +5.832080788827e-01)
      1e-03      +5.832081164954e-01  3.931e-08   3.931e-08  (rich +5.832081289757e-01)
      3e-04      +5.832080258491e-01  1.161e-07   1.161e-07  (rich +5.832079956336e-01)
      1e-04      +5.832081683366e-01  1.282e-07   1.282e-07  (rich +5.832082158324e-01)
      3e-05      +5.832087405603e-01  1.109e-06   1.109e-06  (rich +5.832089313016e-01)
      1e-05      +5.832262559125e-01  3.114e-05   3.114e-05  (rich +5.832320943632e-01)
      1e-06      +5.829824658576e-01  3.870e-04   3.870e-04  (rich +5.829012025060e-01)
   param ke
      analytic  cudss +9.056035604128e+03 | dense +9.056035604128e+03 | rel 1.024e-14
      h          fd(h)                  rel(cudss)  rel(dense) 
      1e-02      +5.332843055464e+04  8.302e-01   8.302e-01
      3e-03      +8.725914954985e+03  3.783e-02   3.783e-02  (rich -6.141590244899e+03)
      1e-03      +9.023660194822e+03  3.588e-03   3.588e-03  (rich +9.122908608102e+03)
      3e-04      +9.053161848231e+03  3.174e-04   3.174e-04  (rich +9.062995732701e+03)
      1e-04      +9.055716685505e+03  3.522e-05   3.522e-05  (rich +9.056568297929e+03)
      3e-05      +9.056006901164e+03  3.169e-06   3.169e-06  (rich +9.056103639718e+03)
      1e-05      +9.056032398485e+03  3.540e-07   3.540e-07  (rich +9.056040897591e+03)
      1e-06      +9.056035844196e+03  2.651e-08   2.651e-08  (rich +9.056036992767e+03)
   param r
      analytic  cudss +1.128389650379e-01 | dense +1.128389649489e-01 | rel 7.886e-10
      h          fd(h)                  rel(cudss)  rel(dense) 
      1e-02      +1.128389786800e-01  1.209e-07   1.217e-07
      3e-03      +1.128389849328e-01  1.763e-07   1.771e-07  (rich +1.128389870170e-01)
      1e-03      +1.128391047587e-01  1.238e-06   1.239e-06  (rich +1.128391447007e-01)
      3e-04      +1.128387596812e-01  1.820e-06   1.819e-06  (rich +1.128386446554e-01)
      1e-04      +1.128395615524e-01  5.286e-06   5.287e-06  (rich +1.128398288428e-01)
      3e-05      +1.128446456278e-01  5.034e-05   5.034e-05  (rich +1.128463403196e-01)
      1e-05      +1.128449866883e-01  5.336e-05   5.336e-05  (rich +1.128451003751e-01)
      1e-06      +1.128396434069e-01  6.012e-06   6.013e-06  (rich +1.128378623131e-01)

----------------------------------------------------------------------
Pescara  B=1  K=20  Nj=68  nnz=254  active emitters=15
   param d
      analytic  cudss -3.401507564769e+01 | dense -3.401507561721e+01 | rel 8.960e-10
      h          fd(h)                  rel(cudss)  rel(dense) 
      1e-02      -3.401493781651e+01  4.052e-06   4.051e-06
      3e-03      -3.401513813509e+01  1.837e-06   1.838e-06  (rich -3.401520490795e+01)
      1e-03      -3.401416307111e+01  2.683e-05   2.683e-05  (rich -3.401383804978e+01)
      3e-04      -3.401581387133e+01  2.170e-05   2.170e-05  (rich -3.401636413807e+01)
      1e-04      -3.401190135094e+01  9.333e-05   9.333e-05  (rich -3.401059717747e+01)
      3e-05      -3.400036804161e+01  4.326e-04   4.326e-04  (rich -3.399652360517e+01)
      1e-05      -3.398019497354e+01  1.027e-03   1.026e-03  (rich -3.397347061751e+01)
      1e-06      -3.428135323702e+01  7.767e-03   7.767e-03  (rich -3.438173932485e+01)
   param rh
      analytic  cudss +1.418961242689e+00 | dense +1.418961242489e+00 | rel 1.412e-10
      h          fd(h)                  rel(cudss)  rel(dense) 
      1e-02      +1.419000823927e+00  2.789e-05   2.789e-05
      3e-03      +1.418529519943e+00  3.043e-04   3.043e-04  (rich +1.418372418615e+00)
      1e-03      +1.419656522444e+00  4.898e-04   4.898e-04  (rich +1.420032189944e+00)
      3e-04      +1.418202011223e+00  5.353e-04   5.353e-04  (rich +1.417717174149e+00)
      1e-04      +1.417077505721e+00  1.329e-03   1.329e-03  (rich +1.416702670554e+00)
      3e-05      +1.403762659417e+00  1.083e-02   1.083e-02  (rich +1.399324377316e+00)
      1e-05      +1.435552422890e+00  1.156e-02   1.156e-02  (rich +1.446149010715e+00)
      1e-06      +1.353700326945e+00  4.821e-02   4.821e-02  (rich +1.326416294963e+00)
   param ke
      analytic  cudss -9.718599264745e+00 | dense -9.718599295740e+00 | rel 3.189e-09
      h          fd(h)                  rel(cudss)  rel(dense) 
      1e-02      +2.075121817903e+04  1.000e+00   1.000e+00
      3e-03      +1.193768429798e+04  1.001e+00   1.001e+00  (rich +8.999839670958e+03)
      1e-03      -9.802805656818e+00  8.590e-03   8.590e-03  (rich -3.992298506868e+03)
      3e-04      -9.723040610273e+00  4.568e-04   4.568e-04  (rich -9.696452261424e+00)
      1e-04      -9.722737982543e+00  4.257e-04   4.257e-04  (rich -9.722637106633e+00)
      3e-05      -9.711366042590e+00  7.448e-04   7.448e-04  (rich -9.707575395939e+00)
      1e-05      -9.779229020523e+00  6.200e-03   6.200e-03  (rich -9.801850013168e+00)
      1e-06      -9.092481320749e+00  6.886e-02   6.886e-02  (rich -8.863565420825e+00)
   param r
      analytic  cudss -1.150868101902e-01 | dense -1.150868095902e-01 | rel 5.214e-09
      h          fd(h)                  rel(cudss)  rel(dense) 
      1e-02      -1.151535179872e-01  5.793e-04   5.793e-04
      3e-03      -1.151911607925e-01  9.059e-04   9.059e-04  (rich -1.152037083942e-01)
      1e-03      -1.137983951480e-01  1.132e-02   1.132e-02  (rich -1.133341399332e-01)
      3e-04      -1.146670922481e-01  3.660e-03   3.660e-03  (rich -1.149566579481e-01)
      1e-04      -1.225296472285e-01  6.074e-02   6.074e-02  (rich -1.251504988886e-01)
      3e-05      -1.019269006974e-01  1.291e-01   1.291e-01  (rich -9.505931852042e-02)
      1e-05      -2.296335935625e-01  4.988e-01   4.988e-01  (rich -2.722024911842e-01)
      1e-06      -6.763951319044e-01  8.299e-01   8.299e-01  (rich -8.253156446851e-01)

----------------------------------------------------------------------
Pescara  B=8  K=20  Nj=68  nnz=254  active emitters=14
   param d
      analytic  cudss -2.335170557937e+01 | dense -2.335170556195e+01 | rel 7.458e-10
      h          fd(h)                  rel(cudss)  rel(dense) 
      1e-02      -2.335002651489e+01  7.191e-05   7.191e-05
      3e-03      -2.335077662876e+01  3.978e-05   3.978e-05  (rich -2.335102666671e+01)
      1e-03      -2.335025826915e+01  6.198e-05   6.198e-05  (rich -2.335008548261e+01)
      3e-04      -2.334119701914e+01  4.502e-04   4.502e-04  (rich -2.333817660246e+01)
      1e-04      -2.334753799914e+01  1.785e-04   1.785e-04  (rich -2.334965165915e+01)
      3e-05      -2.331950088319e+01  1.381e-03   1.381e-03  (rich -2.331015517787e+01)
      1e-05      -2.333788415854e+01  5.922e-04   5.922e-04  (rich -2.334401191699e+01)
      1e-06      -2.182215757784e+01  7.009e-02   7.009e-02  (rich -2.131691538428e+01)
   param rh
      analytic  cudss -5.337909560055e-01 | dense -5.337909538232e-01 | rel 4.088e-09
      h          fd(h)                  rel(cudss)  rel(dense) 
      1e-02      -5.337391185776e-01  9.712e-05   9.712e-05
      3e-03      -5.326707848402e-01  2.103e-03   2.103e-03  (rich -5.323146735944e-01)
      1e-03      -5.317053845602e-01  3.922e-03   3.922e-03  (rich -5.313835844668e-01)
      3e-04      -5.137417864868e-01  3.903e-02   3.903e-02  (rich -5.077539204624e-01)
      1e-04      -4.894953065104e-01  9.049e-02   9.049e-02  (rich -4.814131465183e-01)
      3e-05      -5.917711102181e-01  9.798e-02   9.798e-02  (rich -6.258630447873e-01)
      1e-05      -8.051813210841e-01  3.371e-01   3.371e-01  (rich -8.763180580394e-01)
      1e-06      -3.819440962616e+00  8.602e-01   8.602e-01  (rich -4.824194176460e+00)
   param ke
      analytic  cudss -8.579211682062e+01 | dense -8.579211673190e+01 | rel 1.034e-09
      h          fd(h)                  rel(cudss)  rel(dense) 
      1e-02      +7.224043765666e+02  1.119e+00   1.119e+00
      3e-03      -8.585979620057e+01  7.883e-04   7.883e-04  (rich -3.552811871230e+02)
      1e-03      -8.579886833343e+01  7.869e-05   7.869e-05  (rich -8.577855904438e+01)
      3e-04      -8.580548385074e+01  1.558e-04   1.558e-04  (rich -8.580768902318e+01)
      1e-04      -8.577699303601e+01  1.763e-04   1.763e-04  (rich -8.576749609776e+01)
      3e-05      -8.580908842835e+01  1.978e-04   1.978e-04  (rich -8.581978689247e+01)
      1e-05      -8.553841321373e+01  2.966e-03   2.966e-03  (rich -8.544818814218e+01)
      1e-06      -8.410072666720e+01  2.011e-02   2.011e-02  (rich -8.362149781836e+01)
   param r
      analytic  cudss -2.913467172335e-02 | dense -2.913467162092e-02 | rel 3.516e-09
      h          fd(h)                  rel(cudss)  rel(dense) 
      1e-02      -2.941360911564e-02  9.483e-03   9.483e-03
      3e-03      -2.842219945857e-02  2.507e-02   2.507e-02  (rich -2.809172957288e-02)
      1e-03      -2.989772247020e-02  2.552e-02   2.552e-02  (rich -3.038956347407e-02)
      3e-04      -2.147510902735e-02  3.567e-01   3.567e-01  (rich -1.866757121307e-02)
      1e-04      +9.309919732914e-03  4.129e+00   4.129e+00  (rich +1.957159598634e-02)
      3e-05      -2.745964593487e-02  6.100e-02   6.100e-02  (rich -3.971616782413e-02)
      1e-05      -1.971579763449e-01  8.522e-01   8.522e-01  (rich -2.537240864816e-01)
      1e-06      -7.425524017890e-01  9.608e-01   9.608e-01  (rich -9.243505436037e-01)

==============================================================================
B2  exhaustive per-coordinate FD on Hanoi, B=1, relative step 1e-6,
    ke restricted to nodes that already carry ke>0.
   d    tested 32/32 coords | cudss 1.817e-07 | dense 1.817e-07 | cudss-vs-dense 1.160e-14 | worst coord g=-4.94136071e+00 fd=-4.94135952e+00
   rh   tested 32/32 coords | cudss 1.014e-09 | dense 1.014e-09 | cudss-vs-dense 1.452e-15 | worst coord g=+1.22334376e+00 fd=+1.22334376e+00
   ke   tested 5/32 coords | cudss 3.655e-07 | dense 3.655e-07 | cudss-vs-dense 7.405e-14 | worst coord g=+4.51120848e+01 fd=+4.51134383e+01
   r    tested 34/34 coords | cudss 1.437e-08 | dense 1.437e-08 | cudss-vs-dense 3.849e-15 | worst coord g=-1.96119274e+05 fd=-1.96119277e+05

AUD1B DONE
AUD JOB DONE
