NVIDIA GeForce RTX 5090
cpus: 8
/data/run01/<user>/wdsgpu/hydrograd/dgga/solver.py:1895: UserWarning: Sparse invariant checks are implicitly disabled. Memory errors (e.g. SEGFAULT) will occur when operating on a sparse tensor which violates the invariants, but checks incur performance overhead. To silence this warning, explicitly opt in or out. See `torch.sparse.check_sparse_tensor_invariants.__doc__` for guidance.  (Triggered internally at /pytorch/aten/src/ATen/Context.cpp:760.)
  a_list = [torch.sparse_csr_tensor(ip, ii, vals[i], size=(Nj, Nj))
/data/run01/<user>/wdsgpu/hydrograd/dgga/solver.py:1895: UserWarning: Sparse CSR tensor support is in beta state. If you miss a functionality in the sparse tensor support, please submit a feature request to https://github.com/pytorch/pytorch/issues. (Triggered internally at /pytorch/aten/src/ATen/SparseCsrTensorImpl.cpp:49.)
  a_list = [torch.sparse_csr_tensor(ip, ii, vals[i], size=(Nj, Nj))
/data/run01/<user>/wdsgpu/hydrograd/dgga/solver.py:2000: UserWarning: The given NumPy array is not writable, and PyTorch does not support non-writable tensors. This means writing to this tensor will result in undefined behavior. You may want to copy the array to protect its data or make it writable before converting it to a tensor. This type of warning will be suppressed for the rest of this program. (Triggered internally at /pytorch/torch/csrc/utils/tensor_numpy.cpp:213.)
  return torch.as_tensor(np.asarray(x), dtype=dt, device=dev)
NVIDIA GeForce RTX 5090 | torch 2.11.0+cu128 | cuda 12.8
nvmath 1.0.0 | cpus 128 | CUBLAS_WORKSPACE_CONFIG = :4096:8
确定性探针：use_deterministic_algorithms(True) 下两条通路都跑通 ✓

========================================================================================================
§1 正确性：cudss vs dense（deterministic=True）
net           Nj     nnz     B |  max|ΔH| ft max|ΔQ| cfs max|ΔE| cfs | iters=  备注
Net1           9      31     1 |   6.821e-13   3.516e-12   0.000e+00 | True    dense自重跑 0.0e+00
Net1           9      31     8 |   1.023e-12   3.813e-12   0.000e+00 | True    dense自重跑 0.0e+00
Net1           9      31    64 |   9.663e-12   1.081e-11   0.000e+00 | True    dense自重跑 0.0e+00
Anytown       19      95     1 |   1.791e-12   9.451e-12   0.000e+00 | True    dense自重跑 0.0e+00
Anytown       19      95     8 |   3.979e-13   4.540e-12   0.000e+00 | True    dense自重跑 0.0e+00
Anytown       19      95    64 |   1.165e-12   4.289e-12   0.000e+00 | True    dense自重跑 0.0e+00
Hanoi         31      97     1 |   2.103e-12   1.052e-12   0.000e+00 | True    dense自重跑 0.0e+00
Hanoi         31      97     8 |   2.387e-12   1.251e-12   0.000e+00 | True    dense自重跑 0.0e+00
Hanoi         31      97    64 |   1.901e-11   3.865e-12   0.000e+00 | True    dense自重跑 0.0e+00
Net2          35     113     1 |   4.093e-12   5.062e-12   0.000e+00 | True    dense自重跑 0.0e+00
Net2          35     113     8 |   3.728e-10   1.339e-10   0.000e+00 | True    dense自重跑 0.0e+00
Net2          35     113    64 |   5.564e-10   2.090e-10   0.000e+00 | True    dense自重跑 0.0e+00
Fossolo       36     150     1 |   2.842e-13   6.003e-12   0.000e+00 | True    dense自重跑 0.0e+00
Fossolo       36     150     8 |   7.958e-13   5.827e-12   0.000e+00 | True    dense自重跑 0.0e+00
Fossolo       36     150    64 |   1.251e-12   1.896e-11   0.000e+00 | True    dense自重跑 0.0e+00
Pescara       68     254     1 |   7.813e-07   3.598e-08   0.000e+00 | True    dense自重跑 0.0e+00
Pescara       68     254     8 |   7.853e-06   3.480e-07   0.000e+00 | True    dense自重跑 0.0e+00
Pescara       68     254    64 |   1.251e-05   4.951e-07   0.000e+00 | True    dense自重跑 0.0e+00
Net3          92     320     1 |   6.340e-07   1.361e-07   0.000e+00 | True    dense自重跑 0.0e+00
Net3          92     320     8 |   3.676e-06   7.876e-07   0.000e+00 | True    dense自重跑 0.0e+00
Net3          92     320    64 |   4.754e-06   1.018e-06   0.000e+00 | True    dense自重跑 0.0e+00
Modena       268     894     1 |   3.268e-12   6.809e-12   0.000e+00 | True    dense自重跑 0.0e+00
Modena       268     894     8 |   1.347e-11   1.784e-11   0.000e+00 | True    dense自重跑 0.0e+00
Modena       268     894    64 |   7.165e-11   2.387e-11   0.000e+00 | True    dense自重跑 0.0e+00
City_D       541    1645     1 |   6.666e-07   5.684e-07   0.000e+00 | True    dense自重跑 0.0e+00
City_D       541    1645     8 |   5.535e-06   1.828e-06   0.000e+00 | True    dense自重跑 0.0e+00
City_D       541    1645    64 |   8.776e-06   2.184e-06   0.000e+00 | True    dense自重跑 0.0e+00
ky4          959    3219     1 |   1.334e-07   2.384e-08   0.000e+00 | True    dense自重跑 0.0e+00
ky4          959    3219     8 |   4.492e-07   1.221e-07   0.000e+00 | True    dense自重跑 0.0e+00
ky4          959    3219    64 |   1.106e-06   3.274e-07   0.000e+00 | True    dense自重跑 0.0e+00

§1b 精化步数敏感性（refine=0/1/2 时 cudss 与 dense 的 max|ΔH|）
   Modena   refine=0  max|ΔH|=1.166e-10 ft  iters相等=True
   Modena   refine=1  max|ΔH|=1.835e-10 ft  iters相等=True
   Modena   refine=2  max|ΔH|=1.510e-10 ft  iters相等=True
   City_D   refine=0  max|ΔH|=6.346e-06 ft  iters相等=True
   City_D   refine=1  max|ΔH|=9.018e-06 ft  iters相等=True
   City_D   refine=2  max|ΔH|=2.660e-05 ft  iters相等=True
   ky4      refine=0  max|ΔH|=3.287e-07 ft  iters相等=True
   ky4      refine=1  max|ΔH|=2.596e-07 ft  iters相等=True
   ky4      refine=2  max|ΔH|=3.824e-07 ft  iters相等=True

========================================================================================================
§2 加速：整条 solve() 的 ms/场景（best of 5，含装配+线代+newflows；determinism 关，两条通路同条件）
net           Nj     B |  iters |  dense ms/sc  cudss ms/sc |       倍数 |    plan ms
Net1           9     1 |      4 |      6.63687      8.85871 |    0.75x |       6.28
Net1           9    64 |      4 |      0.11544      0.25049 |    0.46x |       7.30
Net1           9   256 |      4 |      0.02900      0.14567 |    0.20x |       9.71
Anytown       19     1 |      5 |      9.17452     11.95904 |    0.77x |       6.34
Anytown       19    64 |      7 |      0.22330      0.46004 |    0.49x |       9.32
Anytown       19   256 |      7 |      0.05677      0.25882 |    0.22x |      14.88
Hanoi         31     1 |      4 |      4.50443      6.56752 |    0.69x |       6.31
Hanoi         31    64 |      5 |      0.10682      0.26920 |    0.40x |       9.85
Hanoi         31   256 |      5 |      0.02684      0.17051 |    0.16x |      17.57
Net2          35     1 |      5 |      5.85443      8.35831 |    0.70x |       6.32
Net2          35    64 |      6 |      0.13360      0.32795 |    0.41x |      10.33
Net2          35   256 |      6 |      0.03429      0.20517 |    0.17x |      18.60
Fossolo       36     1 |      5 |      5.59612      8.16201 |    0.69x |       6.36
Fossolo       36    64 |      8 |      0.17156      0.42969 |    0.40x |      11.87
Fossolo       36   256 |      7 |      0.03833      0.23860 |    0.16x |      21.46
Pescara       68     1 |      5 |      6.37526      8.24920 |    0.77x |       6.44
Pescara       68    64 |      5 |      0.12222      0.27222 |    0.45x |      16.78
Pescara       68   256 |      5 |      0.03170      0.17126 |    0.19x |      34.88
Net3          92     1 |      5 |      9.02991     10.97116 |    0.82x |       6.61
Net3          92    64 |      6 |      0.20410      0.37619 |    0.54x |      19.02
Net3          92   256 |      6 |      0.05279      0.21775 |    0.24x |      48.20
Modena       268     1 |      5 |      9.33050      8.23483 |    1.13x |       7.15
Modena       268    64 |      5 |      0.24511      0.27220 |    0.90x |      44.24
Modena       268   256 |      5 |      0.12170      0.17199 |    0.71x |     147.72
City_D       541     1 |      5 |     13.98420      8.29492 |    1.69x |       7.76
City_D       541    64 |      5 |      0.77307      0.27437 |    2.82x |      69.57
City_D       541   256 |      5 |      0.45592      0.17290 |    2.64x |     264.12
ky4          959     1 |      9 |     41.41423     19.75595 |    2.10x |       9.78
ky4          959    64 |      9 |      4.23394      0.56883 |    7.44x |     154.63
ky4          959   256 |      9 |      2.95176      0.32937 |    8.96x |     676.06

========================================================================================================
§3 显存：整条 solve() 的 CUDA 峰值（torch 分配器，预热后重测）
   cuDSS 的内部分解缓冲不走 torch 分配器 ⇒ 另列该进程的设备级占用（总-可用）
net           Nj     B |    dense MiB    cudss MiB       降幅 |    dev dense    dev cudss
Net1           -    64 |        60.94        60.89    1.00x |       2615.2       2647.2
Net1           -   256 |        62.15        61.92    1.00x |       2647.2       2679.2
Anytown        -    64 |        61.92        61.65    1.00x |       2679.2       2711.2
Anytown        -   256 |        65.85        64.72    1.02x |       2711.2       2743.2
Hanoi          -    64 |        63.31        61.62    1.03x |       2743.2       2775.2
Hanoi          -   256 |        71.02        63.98    1.11x |       2775.2       2807.2
Net2           -    64 |        64.17        62.00    1.03x |       2807.2       2839.2
Net2           -   256 |        73.39        64.74    1.13x |       2839.2       2871.2
Fossolo        -    64 |        64.76        62.57    1.04x |       2871.2       2903.2
Fossolo        -   256 |        74.99        66.21    1.13x |       2903.2       2935.2
Pescara        -    64 |        72.39        63.91    1.13x |       2935.2       2967.2
Pescara        -   256 |       104.22        68.79    1.52x |       2987.2       2999.2
Net3           -    64 |        79.75        64.44    1.24x |       2999.2       3031.2
Net3           -   256 |       135.63        74.15    1.83x |       3089.2       3069.2
Modena         -    64 |       211.33        69.17    3.06x |       3207.2       3095.2
Modena         -   256 |       644.91        91.46    7.05x |       3683.2       3179.2
City_D         -    64 |       646.67        78.79    8.21x |       3741.2       3199.2
City_D         -   256 |      2396.32       121.84   19.67x |       6073.2       3349.2
ky4            -    64 |      1891.63       103.55   18.27x |       5135.2       3367.2
ky4            -   256 |      7343.34       195.18   37.62x |      12373.2       3651.2

========================================================================================================
§4 plan 一次性：首解后 plan 计数应停在 1，factorize 计数 == 牛顿迭代数，第二次 solve 不再 plan
   Modena   B=1    plan_ms=     7.20 | plan 计数 预热后=1 首解后=1 二解后=1 | fact 首解=5(iters=5) 二解累计=10 | solve 首解=15 | values 别名=True
   Modena   B=64   plan_ms=    41.72 | plan 计数 预热后=1 首解后=1 二解后=1 | fact 首解=5(iters=5) 二解累计=10 | solve 首解=15 | values 别名=True
   Modena   B=256  plan_ms=   143.65 | plan 计数 预热后=1 首解后=1 二解后=1 | fact 首解=5(iters=5) 二解累计=10 | solve 首解=15 | values 别名=True
   City_D   B=1    plan_ms=     7.76 | plan 计数 预热后=1 首解后=1 二解后=1 | fact 首解=5(iters=5) 二解累计=10 | solve 首解=15 | values 别名=True
   City_D   B=64   plan_ms=    62.88 | plan 计数 预热后=1 首解后=1 二解后=1 | fact 首解=5(iters=5) 二解累计=10 | solve 首解=15 | values 别名=True
   City_D   B=256  plan_ms=   257.45 | plan 计数 预热后=1 首解后=1 二解后=1 | fact 首解=5(iters=5) 二解累计=10 | solve 首解=15 | values 别名=True
   ky4      B=1    plan_ms=     9.62 | plan 计数 预热后=1 首解后=1 二解后=1 | fact 首解=9(iters=9) 二解累计=18 | solve 首解=27 | values 别名=True
   ky4      B=64   plan_ms=   146.82 | plan 计数 预热后=1 首解后=1 二解后=1 | fact 首解=9(iters=9) 二解累计=18 | solve 首解=27 | values 别名=True
   ky4      B=256  plan_ms=   663.79 | plan 计数 预热后=1 首解后=1 二解后=1 | fact 首解=9(iters=9) 二解累计=18 | solve 首解=27 | values 别名=True

========================================================================================================
§5 autodiff 入口透传（solve_unrolled / solve_polished）
   Modena   unrolled csr  vs dense: max|ΔH|=2.897e-10 max|ΔQ|=2.930e-11
   Modena   unrolled cudss vs dense: max|ΔH|=6.574e-11 max|ΔQ|=1.465e-11
   [OK] 需要梯度时 cudss 明确 raise: linear_solver='cudss' 是纯前向通路：nvmath 的 DirectSolver 不接 autogr
   Modena   polished cudss vs dense: max|ΔH|=2.842e-14 max|Δq|=8.882e-16
   ky4      unrolled csr  vs dense: max|ΔH|=1.264e-06 max|ΔQ|=6.164e-08
   ky4      unrolled cudss vs dense: max|ΔH|=8.105e-07 max|ΔQ|=3.996e-08
   [OK] 需要梯度时 cudss 明确 raise: linear_solver='cudss' 是纯前向通路：nvmath 的 DirectSolver 不接 autogr
   ky4      polished cudss vs dense: max|ΔH|=1.137e-13 max|Δq|=4.441e-16

P2 GPU 验收脚本结束
