NVIDIA GeForce RTX 5090, 32607 MiB
node: <node-01> | cpus: 8
/data/run01/<user>/wdsgpu/hydrograd/dgga/solver.py:2016: UserWarning: Sparse invariant checks are implicitly disabled. Memory errors (e.g. SEGFAULT) will occur when operating on a sparse tensor which violates the invariants, but checks incur performance overhead. To silence this warning, explicitly opt in or out. See `torch.sparse.check_sparse_tensor_invariants.__doc__` for guidance.  (Triggered internally at /pytorch/aten/src/ATen/Context.cpp:760.)
  a_list = [torch.sparse_csr_tensor(ip, ii, vals[i], size=(Nj, Nj))
/data/run01/<user>/wdsgpu/hydrograd/dgga/solver.py:2016: UserWarning: Sparse CSR tensor support is in beta state. If you miss a functionality in the sparse tensor support, please submit a feature request to https://github.com/pytorch/pytorch/issues. (Triggered internally at /pytorch/aten/src/ATen/SparseCsrTensorImpl.cpp:49.)
  a_list = [torch.sparse_csr_tensor(ip, ii, vals[i], size=(Nj, Nj))
==============================================================================
node: <node-01> | NVIDIA GeForce RTX 5090
nvmath 1.0.0

K 轮链式图（每轮 A 依赖上一轮的解）的 前向+反向：峰值显存 MiB / 耗时 ms
net      Nj   B    K | A 稠密+autograd | B 稠密+手写伴随 | C cudss  | A/C  B/C（显存）
Modena   268  64   8 |     864.4/118.7 |      428.2/25.4 | 73.0/42.5 | 11.8x 5.9x
Modena   268  128  8 |    1624.5/218.2 |      774.4/35.0 | 82.0/70.1 | 19.8x 9.4x
Modena   268  256  8 |    3183.6/412.0 |     1483.5/51.7 | 104.9/221.3 | 30.4x 14.1x
Modena   268  512  8 |    6310.4/794.8 |     2906.0/84.3 | 139.9/241.9 | 45.1x 20.8x
City_D   541  64   8 |    3224.4/673.9 |     1501.0/87.4 | 80.8/43.9 | 39.9x 18.6x
City_D   541  128  8 |   6388.6/1267.4 |    2939.7/125.1 | 101.3/71.0 | 63.1x 29.0x
City_D   541  256  8 |  12713.9/2445.8 |    5816.0/197.0 | 132.8/128.2 | 95.8x 43.8x
City_D   541  512  8 |  25363.7/4873.8 |   11568.4/350.2 | 201.4/239.2 | 126.0x 57.5x
ky4      959  64   8 |   9994.4/3097.0 |    4579.4/258.2 | 100.9/43.2 | 99.0x 45.4x
ky4      959  128  8 |  19889.1/5990.7 |    9081.6/401.1 | 131.8/71.2 | 150.9x 68.9x
ky4      959  256  8 |             OOM |   18089.5/693.0 | 200.2/128.3 | - 90.3x
ky4      959  512  8 |             OOM |             OOM | 325.2/238.6 | - -
P3E DONE
P3E JOB DONE
