================================================================================================
regression_gpu.py - cuDSS 通路不变量回归（审计 R2 + P4 终审 T4）
设备: Tesla PG503-216 | torch 2.14.0+cu126 | nvmath 1.0.0 | 节点 <v100-host>
网络目录: /mnt/sda/<account>/scratch/p2nets
================================================================================================

【T1 迭代数逐项相等（cudss vs dense；PRV 网走状态机并加终态判据）】
  Hanoi    B=1    迭代 dense=8 cudss=8 逐项相等=是 | max|dH|=3.837e-13 ft（仅报告，非门槛） PASS
  Hanoi    B=8    迭代 dense=8 cudss=8 逐项相等=是 | max|dH|=2.132e-13 ft（仅报告，非门槛） PASS
  Net3     B=1    迭代 dense=7 cudss=7 逐项相等=是 | max|dH|=3.505e-07 ft（仅报告，非门槛） PASS
  Net3     B=8    迭代 dense=10 cudss=10 逐项相等=是 | max|dH|=9.649e-12 ft（仅报告，非门槛） PASS
  Modena   B=8    迭代 dense={13,14} cudss={13,14} 逐项相等=是 | max|dH|=4.249e-12 ft（仅报告，非门槛） PASS
  Modena   B=64   迭代 dense=7 cudss=7 逐项相等=是 | max|dH|=4.076e-11 ft（仅报告，非门槛） PASS
  City_D   B=8    迭代 dense=8 cudss=8 逐项相等=是 | max|dH|=3.214e-08 ft（仅报告，非门槛） PASS
  City_D   B=64   迭代 dense=7 cudss=7 逐项相等=是 | max|dH|=3.117e-07 ft（仅报告，非门槛） PASS
  ky4      B=8    迭代 dense=7 cudss=7 逐项相等=是 | max|dH|=4.234e-08 ft（仅报告，非门槛） PASS
  ky4      B=64   迭代 dense={8,9} cudss={8,9} 逐项相等=是 | max|dH|=3.310e-08 ft（仅报告，非门槛） PASS
  L-TOWN   B=8    迭代 dense=17 cudss=17 逐项相等=是 终态逐元素=是 | max|dH|=5.388e-06 ft（仅报告，非门槛） PASS
  L-TOWN   B=64   迭代 dense=17 cudss=17 逐项相等=是 终态逐元素=是 | max|dH|=5.700e-06 ft（仅报告，非门槛） PASS

【T2 bwd_refactorize（slots 足够时必须为 0；slots=1 时必须为 K−1）】
  （PRV 网 ['L-TOWN'] 不适用：solve_unrolled 对 PRV 构造期 raise，该拒绝由 CPU 回归 regression_all ⑪ 把守）
  Hanoi    B=1    K=6 slots=6  | fac=6  (期望6  ) bwd_refac=0 (期望0) bwd_reuse=6 (期望6) solve=18  bwd_solve=18   PASS
  Hanoi    B=1    K=6 slots=1  | fac=11 (期望11 ) bwd_refac=5 (期望5) bwd_reuse=1 (期望1) solve=18  bwd_solve=18   PASS
  Net3     B=1    K=6 slots=6  | fac=6  (期望6  ) bwd_refac=0 (期望0) bwd_reuse=6 (期望6) solve=18  bwd_solve=18   PASS
  Net3     B=1    K=6 slots=1  | fac=11 (期望11 ) bwd_refac=5 (期望5) bwd_reuse=1 (期望1) solve=18  bwd_solve=18   PASS
  Modena   B=8    K=6 slots=6  | fac=6  (期望6  ) bwd_refac=0 (期望0) bwd_reuse=6 (期望6) solve=18  bwd_solve=18   PASS
  Modena   B=8    K=6 slots=1  | fac=11 (期望11 ) bwd_refac=5 (期望5) bwd_reuse=1 (期望1) solve=18  bwd_solve=18   PASS
  City_D   B=8    K=5 slots=5  | fac=5  (期望5  ) bwd_refac=0 (期望0) bwd_reuse=5 (期望5) solve=15  bwd_solve=15   PASS
  City_D   B=8    K=5 slots=1  | fac=9  (期望9  ) bwd_refac=4 (期望4) bwd_reuse=1 (期望1) solve=15  bwd_solve=15   PASS
  ky4      B=8    K=5 slots=5  | fac=5  (期望5  ) bwd_refac=0 (期望0) bwd_reuse=5 (期望5) solve=15  bwd_solve=15   PASS
  ky4      B=8    K=5 slots=1  | fac=9  (期望9  ) bwd_refac=4 (期望4) bwd_reuse=1 (期望1) solve=15  bwd_solve=15   PASS

【T3 复用即逐位核对（stale 必须 0，且事件数必须 >0）】
  （PRV 网 ['L-TOWN'] 不适用：同 T2，solve_unrolled 对 PRV 构造期 raise）
  Hanoi    B=1    slots=6  | 伴随事件=6  其中复用=6  stale=0 incoh=0 worstDelta=0.000e+00  PASS
  Hanoi    B=1    slots=1  | 伴随事件=6  其中复用=1  stale=0 incoh=0 worstDelta=0.000e+00  PASS
  Hanoi    B=8    slots=6  | 伴随事件=6  其中复用=6  stale=0 incoh=0 worstDelta=0.000e+00  PASS
  Hanoi    B=8    slots=1  | 伴随事件=6  其中复用=1  stale=0 incoh=0 worstDelta=0.000e+00  PASS
  Net3     B=1    slots=6  | 伴随事件=6  其中复用=6  stale=0 incoh=0 worstDelta=0.000e+00  PASS
  Net3     B=1    slots=1  | 伴随事件=6  其中复用=1  stale=0 incoh=0 worstDelta=0.000e+00  PASS
  Net3     B=8    slots=6  | 伴随事件=6  其中复用=6  stale=0 incoh=0 worstDelta=0.000e+00  PASS
  Net3     B=8    slots=1  | 伴随事件=6  其中复用=1  stale=0 incoh=0 worstDelta=0.000e+00  PASS
  Modena   B=8    slots=6  | 伴随事件=6  其中复用=6  stale=0 incoh=0 worstDelta=0.000e+00  PASS
  Modena   B=8    slots=1  | 伴随事件=6  其中复用=1  stale=0 incoh=0 worstDelta=0.000e+00  PASS
  Modena   B=64   slots=6  | 伴随事件=6  其中复用=6  stale=0 incoh=0 worstDelta=0.000e+00  PASS
  Modena   B=64   slots=1  | 伴随事件=6  其中复用=1  stale=0 incoh=0 worstDelta=0.000e+00  PASS
  City_D   B=8    slots=5  | 伴随事件=5  其中复用=5  stale=0 incoh=0 worstDelta=0.000e+00  PASS
  City_D   B=8    slots=1  | 伴随事件=5  其中复用=1  stale=0 incoh=0 worstDelta=0.000e+00  PASS
  City_D   B=64   slots=5  | 伴随事件=5  其中复用=5  stale=0 incoh=0 worstDelta=0.000e+00  PASS
  City_D   B=64   slots=1  | 伴随事件=5  其中复用=1  stale=0 incoh=0 worstDelta=0.000e+00  PASS
  ky4      B=8    slots=5  | 伴随事件=5  其中复用=5  stale=0 incoh=0 worstDelta=0.000e+00  PASS
  ky4      B=8    slots=1  | 伴随事件=5  其中复用=1  stale=0 incoh=0 worstDelta=0.000e+00  PASS
  ky4      B=64   slots=5  | 伴随事件=5  其中复用=5  stale=0 incoh=0 worstDelta=0.000e+00  PASS
  ky4      B=64   slots=1  | 伴随事件=5  其中复用=1  stale=0 incoh=0 worstDelta=0.000e+00  PASS

【T4 cuDSS 收到的 csr_data 逐位对称（max|A−A^T| 必须 ==0.0，无容差）】
  Hanoi    B=1    | 装配次数=19 (前向 8 ) nnz=97     max|A−A^T|=0.000e+00 非对称次数=0  PASS
  Hanoi    B=8    | 装配次数=8  (前向 8 ) nnz=97     max|A−A^T|=0.000e+00 非对称次数=0  PASS
  Net3     B=1    | 装配次数=18 (前向 7 ) nnz=320    max|A−A^T|=0.000e+00 非对称次数=0  PASS
  Net3     B=8    | 装配次数=10 (前向 10) nnz=320    max|A−A^T|=0.000e+00 非对称次数=0  PASS
  Modena   B=8    | 装配次数=25 (前向 14) nnz=894    max|A−A^T|=0.000e+00 非对称次数=0  PASS
  Modena   B=64   | 装配次数=7  (前向 7 ) nnz=894    max|A−A^T|=0.000e+00 非对称次数=0  PASS
  City_D   B=8    | 装配次数=17 (前向 8 ) nnz=1645   max|A−A^T|=0.000e+00 非对称次数=0  PASS
  City_D   B=64   | 装配次数=7  (前向 7 ) nnz=1645   max|A−A^T|=0.000e+00 非对称次数=0  PASS
  ky4      B=8    | 装配次数=16 (前向 7 ) nnz=3219   max|A−A^T|=0.000e+00 非对称次数=0  PASS
  ky4      B=64   | 装配次数=9  (前向 9 ) nnz=3219   max|A−A^T|=0.000e+00 非对称次数=0  PASS
  L-TOWN   B=8    | 装配次数=17 (前向 17) nnz=2592   max|A−A^T|=0.000e+00 非对称次数=0 ACTIVE-PRV槽=24  PASS
  L-TOWN   B=64   | 装配次数=17 (前向 17) nnz=2592   max|A−A^T|=0.000e+00 非对称次数=0 ACTIVE-PRV槽=192  PASS

================================================================================================
总判定: PASS （54/54 项通过）
================================================================================================
